<html>
<body>
<pre>
<h1>µVision Build Log</h1>
<h2>Tool Versions:</h2>
IDE-Version: ¦ÌVision V5.26.2.0
Copyright (C) 2018 ARM Ltd and ARM Germany GmbH. All rights reserved.
License Information: xp Microsoft, Microsoft, LIC=47GSB-2NNX6-3ZVW1-CJ6CS-K2DWR-61LXJ
 
Tool Versions:
Toolchain:       MDK-ARM Plus  Version: 5.26.2.0
Toolchain Path:  C:\Keil_v5\ARM\ARMCC\Bin
C Compiler:      Armcc.exe V5.06 update 6 (build 750)
Assembler:       Armasm.exe V5.06 update 6 (build 750)
Linker/Locator:  ArmLink.exe V5.06 update 6 (build 750)
Library Manager: ArmAr.exe V5.06 update 6 (build 750)
Hex Converter:   FromElf.exe V5.06 update 6 (build 750)
CPU DLL:         SARMCM3.DLL V5.26.2.0
Dialog DLL:      DARMCM1.DLL V1.19.1.0
Target DLL:      STLink\ST-LINKIII-KEIL_SWO.dll V3.0.5.0
Dialog DLL:      TARMCM1.DLL V1.14.0.0
 
<h2>Project:</h2>
Z:\E\SVN\TSQ\01.Develement\01.HAC01\trunk\02.ProjectProduction\03.Design\02.SoftwareDesign\03.Coding\02.F1\F1 - 20201208\F1\user\HAC01F1.uvprojx
Project File Date:  11/06/2020

<h2>Output:</h2>
*** Using Compiler 'V5.06 update 6 (build 750)', folder: 'C:\Keil_v5\ARM\ARMCC\Bin'
Rebuild target 'F1'
compiling main.c...
compiling global_var.c...
compiling core_proc.c...
threads\core_proc.c(45): warning:  #550-D: variable "s_u8StartDlyTm"  was set but never used
        static UINT8 s_u8StartDlyTm = 0;
threads\core_proc.c(46): warning:  #550-D: variable "s_u8StartFlag"  was set but never used
        static UINT8 s_u8StartFlag = FALSE;
threads\core_proc.c: 2 warnings, 0 errors
compiling com_proc.c...
compiling bkg_proc.c...
compiling daq.c...
compiling calc.c...
compiling alarm_calc.c...
alarm_calc.c(177): warning:  #177-D: function "get_alarm_remove_bitmap"  was declared but never referenced
  static uint8_t get_alarm_remove_bitmap(uint8_t alarm_id)
alarm_calc.c(196): warning:  #177-D: function "clear_alarm_remove_bitmap"  was declared but never referenced
  static void clear_alarm_remove_bitmap(uint8_t alarm_id)
alarm_calc.c: 2 warnings, 0 errors
compiling event_record.c...
compiling sys_status.c...
compiling Acfrequency.c...
compiling Fanctrl.c...
compiling Phasecutting.c...
compiling Sample.c...
CoreCtrl\Sample.c(228): warning:  #177-D: variable "s_u8AnalogPort"  was declared but never referenced
        static UINT8 s_u8AnalogPort = ADC_P1, s_u8AnalogID;
CoreCtrl\Sample.c(242): warning:  #177-D: variable "s_u16ADCHoldingTimer"  was declared but never referenced
        static UINT16 s_u16ADCHoldingTimer = 0;
CoreCtrl\Sample.c(541): warning:  #177-D: variable "i"  was declared but never referenced
      UINT8 i, l_u8Temp;
CoreCtrl\Sample.c(541): warning:  #550-D: variable "l_u8Temp"  was set but never used
      UINT8 i, l_u8Temp;
CoreCtrl\Sample.c(543): warning:  #550-D: variable "l_u32Temp"  was set but never used
      UINT32 l_u32Temp;
CoreCtrl\Sample.c: 5 warnings, 0 errors
compiling Lib.c...
compiling adc.c...
compiling systick.c...
compiling stm32f0xx_it.c...
compiling uart.c...
compiling led.c...
compiling flash.c...
compiling stm32f0xx_iwdg.c...
compiling dio.c...
compiling pid.c...
compiling i2c_bsp.c...
compiling stm32f0xx_flash.c...
compiling mb.c...
compiling mbcrc.c...
compiling mbrtu.c...
compiling mbfuncdisc.c...
compiling mbfuncholding.c...
compiling mbutils.c...
compiling portevent.c...
compiling portserial.c...
compiling porttimer.c...
compiling mb_cb.c...
compiling fifo.c...
compiling stm32f0xx_adc.c...
compiling stm32f0xx_dma.c...
compiling stm32f0xx_gpio.c...
compiling stm32f0xx_misc.c...
compiling stm32f0xx_rcc.c...
compiling stm32f0xx_syscfg.c...
compiling stm32f0xx_usart.c...
compiling stm32f0xx_tim.c...
compiling stm32f0xx_dac.c...
compiling stm32f0xx_comp.c...
compiling stm32f0xx_exti.c...
compiling RTX_Conf_CM.c...
assembling startup_stm32f051.s...
compiling system_stm32f0xx.c...
linking...
Program Size: Code=18044 RO-data=4464 RW-data=452 ZI-data=5356  
FromELF: creating hex file...
".\build\F1.axf" - 0 Error(s), 9 Warning(s).

<h2>Software Packages used:</h2>

Package Vendor: ARM
                http://www.keil.com/pack/ARM.CMSIS.5.4.0.pack
                ARM.CMSIS.5.4.0
                CMSIS (Cortex Microcontroller Software Interface Standard)
   * Component: RTOS Version: 1.0.0
   * Component: CORE Version: 5.1.2
   * Component: Keil RTX Version: 4.81.1

Package Vendor: Keil
                http://www.keil.com/pack/Keil.STM32F0xx_DFP.1.4.0.pack
                Keil.STM32F0xx_DFP.1.4.0
                STMicroelectronics STM32F0 Series Device Support and Examples
   * Component: Startup Version: 1.5.0

<h2>Collection of Component include folders:</h2>
  .\RTE\_F1
  C:\Keil_v5\ARM\PACK\ARM\CMSIS\5.4.0\CMSIS\Core\Include
  C:\Keil_v5\ARM\PACK\ARM\CMSIS\5.4.0\CMSIS\RTOS\RTX\INC
  C:\Keil_v5\ARM\PACK\Keil\STM32F0xx_DFP\1.4.0\Device\Include

<h2>Collection of Component Files used:</h2>

   * Component: ::CMSIS:RTOS:1.0.0 (API)

   * Component: ARM::CMSIS:CORE:5.1.2

   * Component: ARM::CMSIS:RTOS:Keil RTX:4.81.1
      Include file:  CMSIS\RTOS\RTX\INC\cmsis_os.h
      Source file:   CMSIS\RTOS\RTX\Templates\RTX_Conf_CM.c
      Include file:  CMSIS\RTOS\RTX\UserCodeTemplates\osObjects.h
      Source file:   CMSIS\RTOS\RTX\UserCodeTemplates\main.c
      Source file:   CMSIS\RTOS\RTX\UserCodeTemplates\MailQueue.c
      Source file:   CMSIS\RTOS\RTX\UserCodeTemplates\MemPool.c
      Source file:   CMSIS\RTOS\RTX\UserCodeTemplates\MsgQueue.c
      Source file:   CMSIS\RTOS\RTX\UserCodeTemplates\Mutex.c
      Source file:   CMSIS\RTOS\RTX\UserCodeTemplates\Semaphore.c
      Source file:   CMSIS\RTOS\RTX\UserCodeTemplates\Thread.c
      Source file:   CMSIS\RTOS\RTX\UserCodeTemplates\Timer.c
      Source file:   CMSIS\RTOS\RTX\SRC\ARM\SVC_Table.s
      Library file:  CMSIS\RTOS\RTX\LIB\ARM\RTX_CM0.lib

   * Component: Keil::Device:Startup:1.5.0
      Source file:   Device\Source\ARM\startup_stm32f051.s
      Source file:   Device\Source\system_stm32f0xx.c
      Source file:   Device\Source\ARM\STM32F0xx_OPT.s
Build Time Elapsed:  00:00:36
</pre>
</body>
</html>
