Component: ARM Compiler 5.06 update 6 (build 750) Tool: armlink [4d35ed]

==============================================================================

Section Cross References

    main.o(i.main) refers to dio.o(i.drv_dio_init) for drv_dio_init
    main.o(i.main) refers to adc.o(i.drv_adc_dma_init) for drv_adc_dma_init
    main.o(i.main) refers to i2c_bsp.o(i.drv_i2c_init) for drv_i2c_init
    main.o(i.main) refers to fanctrl.o(i.InitFanCtrl) for InitFanCtrl
    main.o(i.main) refers to global_var.o(i.sys_global_var_init) for sys_global_var_init
    main.o(i.main) refers to rt_cmsis.o(i.osThreadCreate) for osThreadCreate
    main.o(i.main) refers to rt_cmsis.o(i.osDelay) for osDelay
    main.o(i.main) refers to main.o(.constdata) for .constdata
    main.o(i.main) refers to main.o(.data) for .data
    main.o(.constdata) refers to core_proc.o(i.core_proc) for core_proc
    main.o(.constdata) refers to com_proc.o(i.com_proc) for com_proc
    main.o(.constdata) refers to bkg_proc.o(i.bkg_proc) for bkg_proc
    global_var.o(i.conf_reg_read_ee) refers to global_var.o(i.eeprom_compare_read) for eeprom_compare_read
    global_var.o(i.conf_reg_read_ee) refers to global_var.o(.constdata) for .constdata
    global_var.o(i.eeprom_compare_read) refers to i2c_bsp.o(i.I2C_EE_BufRead) for I2C_EE_BufRead
    global_var.o(i.eeprom_compare_read) refers to global_var.o(i.eeprom_singel_write) for eeprom_singel_write
    global_var.o(i.eeprom_singel_write) refers to i2c_bsp.o(i.I2C_EE_BufRead) for I2C_EE_BufRead
    global_var.o(i.eeprom_singel_write) refers to i2c_bsp.o(i.I2C_EE_BufWrite) for I2C_EE_BufWrite
    global_var.o(i.eeprom_tripple_write) refers to global_var.o(i.eeprom_compare_read) for eeprom_compare_read
    global_var.o(i.eeprom_tripple_write) refers to i2c_bsp.o(i.I2C_EE_BufWrite) for I2C_EE_BufWrite
    global_var.o(i.init_load_default) refers to global_var.o(.constdata) for .constdata
    global_var.o(i.init_load_default) refers to global_var.o(.bss) for .bss
    global_var.o(i.init_load_factory_conf) refers to i2c_bsp.o(i.I2C_EE_BufRead) for I2C_EE_BufRead
    global_var.o(i.init_load_factory_conf) refers to calc.o(i.checksum_u16) for checksum_u16
    global_var.o(i.init_load_factory_conf) refers to global_var.o(.constdata) for .constdata
    global_var.o(i.reg_map_write) refers to global_var.o(i.eeprom_tripple_write) for eeprom_tripple_write
    global_var.o(i.reg_map_write) refers to global_var.o(.constdata) for .constdata
    global_var.o(i.save_conf_reg) refers to i2c_bsp.o(i.I2C_EE_BufWrite) for I2C_EE_BufWrite
    global_var.o(i.save_conf_reg) refers to i2c_bsp.o(i.I2C_EE_BufRead) for I2C_EE_BufRead
    global_var.o(i.save_conf_reg) refers to calc.o(i.checksum_u16) for checksum_u16
    global_var.o(i.save_conf_reg) refers to global_var.o(.constdata) for .constdata
    global_var.o(i.save_conf_reg) refers to global_var.o(.bss) for .bss
    global_var.o(i.set_load_flag) refers to i2c_bsp.o(i.I2C_EE_BufWrite) for I2C_EE_BufWrite
    global_var.o(i.sys_global_var_init) refers to rt_cmsis.o(i.osDelay) for osDelay
    global_var.o(i.sys_global_var_init) refers to i2c_bsp.o(i.I2C_EE_BufRead) for I2C_EE_BufRead
    global_var.o(i.sys_global_var_init) refers to global_var.o(i.init_load_default) for init_load_default
    global_var.o(i.sys_global_var_init) refers to global_var.o(i.conf_reg_read_ee) for conf_reg_read_ee
    global_var.o(i.sys_global_var_init) refers to global_var.o(i.init_load_factory_conf) for init_load_factory_conf
    global_var.o(i.sys_global_var_init) refers to global_var.o(i.save_conf_reg) for save_conf_reg
    global_var.o(i.sys_global_var_init) refers to global_var.o(i.set_load_flag) for set_load_flag
    global_var.o(i.sys_global_var_init) refers to global_var.o(.constdata) for .constdata
    global_var.o(i.sys_global_var_init) refers to global_var.o(.bss) for .bss
    global_var.o(.constdata) refers to global_var.o(.bss) for g_sys
    global_var.o(.constdata) refers to global_var.o(i.fan_com_chk) for fan_com_chk
    core_proc.o(i.core_proc) refers to lib.o(i.GetCurrSec) for GetCurrSec
    core_proc.o(i.core_proc) refers to acfrequency.o(i.ChkACFrequency) for ChkACFrequency
    core_proc.o(i.core_proc) refers to fanctrl.o(i.FanCtrlAlgorithm) for FanCtrlAlgorithm
    core_proc.o(i.core_proc) refers to rt_cmsis.o(i.osDelay) for osDelay
    core_proc.o(i.core_proc) refers to core_proc.o(.data) for .data
    com_proc.o(i.change_surv_baudrate) refers to mb_cb.o(i.mb_get_baudrate) for mb_get_baudrate
    com_proc.o(i.change_surv_baudrate) refers to mb_cb.o(i.mb_get_device_addr) for mb_get_device_addr
    com_proc.o(i.change_surv_baudrate) refers to mb.o(i.eMBInit) for eMBInit
    com_proc.o(i.change_surv_baudrate) refers to mb.o(i.eMBEnable) for eMBEnable
    com_proc.o(i.change_surv_baudrate) refers to com_proc.o(.data) for .data
    com_proc.o(i.change_surv_baudrate) refers to global_var.o(.bss) for g_sys
    com_proc.o(i.com_proc) refers to lib.o(i.GetCurrSec) for GetCurrSec
[...]
    ucRcvAddress                             0x200000a5   Data           1  mb.o(.data)
    ucFunctionCode                           0x200000a6   Data           1  mb.o(.data)
    eException                               0x200000a7   Data           1  mb.o(.data)
    ucMBAddress                              0x200000a8   Data           1  mb.o(.data)
    eMBCurrentMode                           0x200000a9   Data           1  mb.o(.data)
    usLength                                 0x200000aa   Data           2  mb.o(.data)
    ucMBFrame                                0x200000ac   Data           4  mb.o(.data)
    peMBFrameSendCur                         0x200000b0   Data           4  mb.o(.data)
    pvMBFrameStartCur                        0x200000b4   Data           4  mb.o(.data)
    pvMBFrameStopCur                         0x200000b8   Data           4  mb.o(.data)
    peMBFrameReceiveCur                      0x200000bc   Data           4  mb.o(.data)
    pvMBFrameCloseCur                        0x200000c0   Data           4  mb.o(.data)
    xFuncHandlers                            0x200000d0   Data         128  mb.o(.data)
    .data                                    0x20000150   Section       12  mbrtu.o(.data)
    eSndState                                0x20000150   Data           1  mbrtu.o(.data)
    eRcvState                                0x20000151   Data           1  mbrtu.o(.data)
    usSndBufferCount                         0x20000152   Data           2  mbrtu.o(.data)
    usRcvBufferPos                           0x20000154   Data           2  mbrtu.o(.data)
    pucSndBufferCur                          0x20000158   Data           4  mbrtu.o(.data)
    .data                                    0x2000015c   Section        2  portevent.o(.data)
    eQueuedEvent                             0x2000015c   Data           1  portevent.o(.data)
    xEventInQueue                            0x2000015d   Data           1  portevent.o(.data)
    .data                                    0x2000015e   Section       16  stm32f0xx_rcc.o(.data)
    APBAHBPrescTable                         0x2000015e   Data          16  stm32f0xx_rcc.o(.data)
    .data                                    0x20000170   Section        4  rtx_conf_cm.o(.data)
    .data                                    0x20000174   Section       16  rtx_conf_cm.o(.data)
    .data                                    0x20000184   Section        4  rtx_conf_cm.o(.data)
    .data                                    0x20000188   Section        4  rtx_conf_cm.o(.data)
    .data                                    0x2000018c   Section       20  system_stm32f0xx.o(.data)
    .data                                    0x200001a0   Section        8  rt_cmsis.o(.data)
    .data                                    0x200001a8   Section        8  rt_task.o(.data)
    .data                                    0x200001b0   Section        8  rt_system.o(.data)
    os_lock                                  0x200001b0   Data           1  rt_system.o(.data)
    os_psh_flag                              0x200001b1   Data           1  rt_system.o(.data)
    pend_flags                               0x200001b2   Data           1  rt_system.o(.data)
    .data                                    0x200001b8   Section        4  rt_time.o(.data)
    .data                                    0x200001bc   Section        8  rt_robin.o(.data)
    .bss                                     0x200001c4   Section      680  global_var.o(.bss)
    .bss                                     0x2000046c   Section       20  daq.o(.bss)
    i16Value_buf                             0x2000046c   Data          20  daq.o(.bss)
    .bss                                     0x20000480   Section       80  alarm_calc.o(.bss)
    alarm_inst                               0x20000480   Data          80  alarm_calc.o(.bss)
    .bss                                     0x200004d0   Section       12  event_record.o(.bss)
    head_node                                0x200004d0   Data          12  event_record.o(.bss)
    .bss                                     0x200004dc   Section       60  event_record.o(.bss)
    .bss                                     0x20000518   Section       40  acfrequency.o(.bss)
    i16Value_buf                             0x20000518   Data          40  acfrequency.o(.bss)
    .bss                                     0x20000540   Section       40  adc.o(.bss)
    .bss                                     0x20000568   Section       40  adc.o(.bss)
    .bss                                     0x20000590   Section      256  mbrtu.o(.bss)
    .bss                                     0x20000690   Section       16  rtx_conf_cm.o(.bss)
    .bss                                     0x200006a0   Section       16  rtx_conf_cm.o(.bss)
    .bss                                     0x200006b0   Section      220  rtx_conf_cm.o(.bss)
    .bss                                     0x20000790   Section     2064  rtx_conf_cm.o(.bss)
    .bss                                     0x20000fa0   Section      536  rtx_conf_cm.o(.bss)
    .bss                                     0x200011b8   Section      132  rtx_conf_cm.o(.bss)
    .bss                                     0x2000123c   Section       16  rtx_conf_cm.o(.bss)
    .bss                                     0x2000124c   Section       52  rt_task.o(.bss)
    .bss                                     0x20001280   Section       48  rt_list.o(.bss)
    STACK                                    0x200012b0   Section     1024  startup_stm32f051.o(STACK)

    Global Symbols

    Symbol Name                              Value     Ov Type        Size  Object(Section)

    BuildAttributes$$THM_ISAv3M$S$PE$A:L22$X:L11$S22$IEEE1$IW$USESV6$~STKCKD$USESV7$~SHL$OTIME$ROPI$EBA8$MICROLIB$REQ8$PRES8$EABIv2 0x00000000   Number         0  anon$$obj.o ABSOLUTE
    __ARM_use_no_argv                        0x00000000   Number         0  main.o ABSOLUTE
    __cpp_initialize__aeabi_                  - Undefined Weak Reference
    __cxa_finalize                            - Undefined Weak Reference
    _clock_init                               - Undefined Weak Reference
    _microlib_exit                            - Undefined Weak Reference
    __Vectors_Size                           0x000000c0   Number         0  startup_stm32f051.o ABSOLUTE
    __RL_RTX_VER                             0x00000482   Number         0  rt_system.o ABSOLUTE
    __Vectors                                0x08000000   Data           4  startup_stm32f051.o(RESET)
    __Vectors_End                            0x080000c0   Data           0  startup_stm32f051.o(RESET)
    __main                                   0x080000c1   Thumb Code     0  entry.o(.ARM.Collect$$$$00000000)
    _main_stk                                0x080000c1   Thumb Code     0  entry2.o(.ARM.Collect$$$$00000001)
    _main_scatterload                        0x080000c5   Thumb Code     0  entry5.o(.ARM.Collect$$$$00000004)
    __main_after_scatterload                 0x080000c9   Thumb Code     0  entry5.o(.ARM.Collect$$$$00000004)
    __rt_final_cpp                           0x080000c9   Thumb Code     0  entry10a.o(.ARM.Collect$$$$0000000D)
    __rt_final_exit                          0x080000c9   Thumb Code     0  entry11a.o(.ARM.Collect$$$$0000000F)
    _main_clock                              0x080000c9   Thumb Code     0  entry7b.o(.ARM.Collect$$$$00000008)
    _main_cpp_init                           0x080000c9   Thumb Code     0  entry8b.o(.ARM.Collect$$$$0000000A)
    _main_init                               0x080000c9   Thumb Code    18  rtx_conf_cm.o(.ARM.Collect$$$$000000FF)
    rt_set_PSP                               0x080000e5   Thumb Code     6  hal_cm0.o(.emb_text)
    rt_get_PSP                               0x080000eb   Thumb Code     6  hal_cm0.o(.emb_text)
    os_set_env                               0x080000f1   Thumb Code    32  hal_cm0.o(.emb_text)
    _alloc_box                               0x08000115   Thumb Code    28  hal_cm0.o(.emb_text)
    _free_box                                0x08000135   Thumb Code    28  hal_cm0.o(.emb_text)
    SVC_Handler                              0x08000155   Thumb Code   136  hal_cm0.o(.emb_text)
    PendSV_Handler                           0x080001e9   Thumb Code    72  hal_cm0.o(.emb_text)
    SysTick_Handler                          0x08000235   Thumb Code     8  hal_cm0.o(.emb_text)
    OS_Tick_Handler                          0x0800023d   Thumb Code    12  hal_cm0.o(.emb_text)
    Reset_Handler                            0x08000249   Thumb Code    38  startup_stm32f051.o(.text)
    ADC1_COMP_IRQHandler                     0x08000279   Thumb Code     0  startup_stm32f051.o(.text)
    CEC_IRQHandler                           0x08000279   Thumb Code     0  startup_stm32f051.o(.text)
    DMA1_Channel1_IRQHandler                 0x08000279   Thumb Code     0  startup_stm32f051.o(.text)
    DMA1_Channel2_3_IRQHandler               0x08000279   Thumb Code     0  startup_stm32f051.o(.text)
    DMA1_Channel4_5_IRQHandler               0x08000279   Thumb Code     0  startup_stm32f051.o(.text)
    EXTI0_1_IRQHandler                       0x08000279   Thumb Code     0  startup_stm32f051.o(.text)
    FLASH_IRQHandler                         0x08000279   Thumb Code     0  startup_stm32f051.o(.text)
    I2C1_IRQHandler                          0x08000279   Thumb Code     0  startup_stm32f051.o(.text)
    I2C2_IRQHandler                          0x08000279   Thumb Code     0  startup_stm32f051.o(.text)
    PVD_IRQHandler                           0x08000279   Thumb Code     0  startup_stm32f051.o(.text)
    RCC_IRQHandler                           0x08000279   Thumb Code     0  startup_stm32f051.o(.text)
    RTC_IRQHandler                           0x08000279   Thumb Code     0  startup_stm32f051.o(.text)
    SPI1_IRQHandler                          0x08000279   Thumb Code     0  startup_stm32f051.o(.text)
    SPI2_IRQHandler                          0x08000279   Thumb Code     0  startup_stm32f051.o(.text)
    TIM17_IRQHandler                         0x08000279   Thumb Code     0  startup_stm32f051.o(.text)
    TIM1_BRK_UP_TRG_COM_IRQHandler           0x08000279   Thumb Code     0  startup_stm32f051.o(.text)
    TIM1_CC_IRQHandler                       0x08000279   Thumb Code     0  startup_stm32f051.o(.text)
    TIM2_IRQHandler                          0x08000279   Thumb Code     0  startup_stm32f051.o(.text)
    TIM6_DAC_IRQHandler                      0x08000279   Thumb Code     0  startup_stm32f051.o(.text)
    TS_IRQHandler                            0x08000279   Thumb Code     0  startup_stm32f051.o(.text)
    USART2_IRQHandler                        0x08000279   Thumb Code     0  startup_stm32f051.o(.text)
    WWDG_IRQHandler                          0x08000279   Thumb Code     0  startup_stm32f051.o(.text)
    __aeabi_uidiv                            0x080002a1   Thumb Code     0  uidiv.o(.text)
    __aeabi_uidivmod                         0x080002a1   Thumb Code    44  uidiv.o(.text)
    __aeabi_idiv                             0x080002cd   Thumb Code     0  idiv.o(.text)
    __aeabi_idivmod                          0x080002cd   Thumb Code    40  idiv.o(.text)
    __aeabi_uread4                           0x080002f5   Thumb Code    20  uread4.o(.text)
    __rt_uread4                              0x080002f5   Thumb Code     0  uread4.o(.text)
    _uread4                                  0x080002f5   Thumb Code     0  uread4.o(.text)
    __aeabi_uwrite4                          0x08000309   Thumb Code    18  uwrite4.o(.text)
    __rt_uwrite4                             0x08000309   Thumb Code     0  uwrite4.o(.text)
    _uwrite4                                 0x08000309   Thumb Code     0  uwrite4.o(.text)
    __scatterload                            0x0800031d   Thumb Code    28  init.o(.text)
    __scatterload_rt2                        0x0800031d   Thumb Code     0  init.o(.text)
    __decompress                             0x08000341   Thumb Code     0  __dczerorl2.o(.text)
    __decompress1                            0x08000341   Thumb Code    86  __dczerorl2.o(.text)
    SVC_Count                                0x08000398   Data           4  svc_table.o(SVC_TABLE)
    ADC_ChannelConfig                        0x0800039d   Thumb Code    10  stm32f0xx_adc.o(i.ADC_ChannelConfig)
    SVC_Table                                0x0800039c   Data           0  svc_table.o(SVC_TABLE)
    ADC_ClockModeConfig                      0x080003a7   Thumb Code     4  stm32f0xx_adc.o(i.ADC_ClockModeConfig)
    ADC_Cmd                                  0x080003ab   Thumb Code    18  stm32f0xx_adc.o(i.ADC_Cmd)
    ADC_DMACmd                               0x080003bd   Thumb Code    20  stm32f0xx_adc.o(i.ADC_DMACmd)
    ADC_DMARequestModeConfig                 0x080003d1   Thumb Code    16  stm32f0xx_adc.o(i.ADC_DMARequestModeConfig)
    ADC_DeInit                               0x080003e1   Thumb Code    28  stm32f0xx_adc.o(i.ADC_DeInit)
    ADC_Filter2                              0x08000401   Thumb Code    64  daq.o(i.ADC_Filter2)
    ADC_GetCalibrationFactor                 0x0800044d   Thumb Code    46  stm32f0xx_adc.o(i.ADC_GetCalibrationFactor)
    ADC_GetFlagStatus                        0x0800047b   Thumb Code    28  stm32f0xx_adc.o(i.ADC_GetFlagStatus)
    ADC_Init                                 0x08000499   Thumb Code    38  stm32f0xx_adc.o(i.ADC_Init)
    ADC_StartOfConversion                    0x080004c5   Thumb Code    10  stm32f0xx_adc.o(i.ADC_StartOfConversion)
    ADC_StructInit                           0x080004cf   Thumb Code    16  stm32f0xx_adc.o(i.ADC_StructInit)
    AVGfilter                                0x080004e1   Thumb Code    70  acfrequency.o(i.AVGfilter)
    AVGfilter2                               0x08000531   Thumb Code    70  daq.o(i.AVGfilter2)
    CalculateAngleByVout                     0x08000581   Thumb Code    76  fanctrl.o(i.CalculateAngleByVout)
    CalculatePressurePoint                   0x080005dd   Thumb Code   166  fanctrl.o(i.CalculatePressurePoint)
    CalculateVout                            0x08000699   Thumb Code   458  fanctrl.o(i.CalculateVout)
    ChkACFrequency                           0x08000881   Thumb Code   160  acfrequency.o(i.ChkACFrequency)
    DI_update                                0x08000931   Thumb Code    54  dio.o(i.DI_update)
    DMA_ClearFlag                            0x08000971   Thumb Code     6  stm32f0xx_dma.o(i.DMA_ClearFlag)
    DMA_Cmd                                  0x0800097d   Thumb Code    20  stm32f0xx_dma.o(i.DMA_Cmd)
    DMA_DeInit                               0x08000995   Thumb Code   100  stm32f0xx_dma.o(i.DMA_DeInit)
    DMA_GetFlagStatus                        0x08000a01   Thumb Code    16  stm32f0xx_dma.o(i.DMA_GetFlagStatus)
    DMA_Init                                 0x08000a15   Thumb Code    56  stm32f0xx_dma.o(i.DMA_Init)
    DisableT0                                0x08000a51   Thumb Code    40  phasecutting.o(i.DisableT0)
    DisableT1                                0x08000a7d   Thumb Code    40  phasecutting.o(i.DisableT1)
    EXTI2_3_IRQHandler                       0x08000aa9   Thumb Code    46  phasecutting.o(i.EXTI2_3_IRQHandler)
    EXTI4_15_IRQHandler                      0x08000ae1   Thumb Code    38  phasecutting.o(i.EXTI4_15_IRQHandler)
    EXTI_ClearITPendingBit                   0x08000b0d   Thumb Code     6  stm32f0xx_exti.o(i.EXTI_ClearITPendingBit)
    EXTI_GetITStatus                         0x08000b19   Thumb Code    24  stm32f0xx_exti.o(i.EXTI_GetITStatus)
    EXTI_Init                                0x08000b35   Thumb Code   102  stm32f0xx_exti.o(i.EXTI_Init)
    FanCtrlAlgorithm                         0x08000ba1   Thumb Code    28  fanctrl.o(i.FanCtrlAlgorithm)
    FanCtrlStatus                            0x08000bc1   Thumb Code    38  fanctrl.o(i.FanCtrlStatus)
    FanOutError                              0x08000bf1   Thumb Code    36  fanctrl.o(i.FanOutError)
    FanStartSwitch                           0x08000c15   Thumb Code    26  fanctrl.o(i.FanStartSwitch)
    GPIO_Init                                0x08000c35   Thumb Code   112  stm32f0xx_gpio.o(i.GPIO_Init)
    GPIO_PinAFConfig                         0x08000ca5   Thumb Code    32  stm32f0xx_gpio.o(i.GPIO_PinAFConfig)
    GPIO_ReadInputDataBit                    0x08000cc5   Thumb Code    14  stm32f0xx_gpio.o(i.GPIO_ReadInputDataBit)
    GPIO_ReadOutputDataBit                   0x08000cd3   Thumb Code    14  stm32f0xx_gpio.o(i.GPIO_ReadOutputDataBit)
    GPIO_ResetBits                           0x08000ce1   Thumb Code     4  stm32f0xx_gpio.o(i.GPIO_ResetBits)
    GPIO_SetBits                             0x08000ce5   Thumb Code     4  stm32f0xx_gpio.o(i.GPIO_SetBits)
    GPIO_WriteBit                            0x08000ce9   Thumb Code    12  stm32f0xx_gpio.o(i.GPIO_WriteBit)
    GetCurrSec                               0x08000cf5   Thumb Code    28  lib.o(i.GetCurrSec)
    GetMaxPressureVal                        0x08000d1d   Thumb Code    26  fanctrl.o(i.GetMaxPressureVal)
    GetSecTimeGap                            0x08000d4d   Thumb Code    34  lib.o(i.GetSecTimeGap)
    HardFault_Handler                        0x08000d7d   Thumb Code     2  stm32f0xx_it.o(i.HardFault_Handler)
    I2C_EE_BufRead                           0x08000d7f   Thumb Code     8  i2c_bsp.o(i.I2C_EE_BufRead)
    I2C_EE_BufRead_bsp                       0x08000d89   Thumb Code   120  i2c_bsp.o(i.I2C_EE_BufRead_bsp)
    I2C_EE_BufWrite                          0x08000e09   Thumb Code     8  i2c_bsp.o(i.I2C_EE_BufWrite)
    I2C_EE_BufWrite_bsp                      0x08000e11   Thumb Code   150  i2c_bsp.o(i.I2C_EE_BufWrite_bsp)
    IWDG_Enable                              0x0800105d   Thumb Code     8  stm32f0xx_iwdg.o(i.IWDG_Enable)
    IWDG_ReloadCounter                       0x0800106d   Thumb Code     8  stm32f0xx_iwdg.o(i.IWDG_ReloadCounter)
    IWDG_SetPrescaler                        0x0800107d   Thumb Code     6  stm32f0xx_iwdg.o(i.IWDG_SetPrescaler)
    IWDG_SetReload                           0x08001089   Thumb Code     6  stm32f0xx_iwdg.o(i.IWDG_SetReload)
    IWDG_WriteAccessCmd                      0x08001095   Thumb Code     6  stm32f0xx_iwdg.o(i.IWDG_WriteAccessCmd)
    InitEXINT1                               0x080010a1   Thumb Code    86  phasecutting.o(i.InitEXINT1)
    InitEXINT2                               0x080010fd   Thumb Code    86  phasecutting.o(i.InitEXINT2)
    InitFanCtrl                              0x08001159   Thumb Code    36  fanctrl.o(i.InitFanCtrl)
    InitT0                                   0x0800117d   Thumb Code    94  phasecutting.o(i.InitT0)
    InitT1                                   0x080011e1   Thumb Code    94  phasecutting.o(i.InitT1)
    InitT2                                   0x08001245   Thumb Code    82  phasecutting.o(i.InitT2)
    MedianFilter                             0x0800129d   Thumb Code    58  calc.o(i.MedianFilter)
    NMI_Handler                              0x080012d7   Thumb Code     2  stm32f0xx_it.o(i.NMI_Handler)
    NVIC_Init                                0x080012d9   Thumb Code    70  stm32f0xx_misc.o(i.NVIC_Init)
    PaSCROFF                                 0x08001329   Thumb Code    16  phasecutting.o(i.PaSCROFF)
    PaSCRON                                  0x08001339   Thumb Code    16  phasecutting.o(i.PaSCRON)
    PaSCR_Init                               0x08001349   Thumb Code    50  phasecutting.o(i.PaSCR_Init)
    PraMode                                  0x0800137d   Thumb Code    40  fanctrl.o(i.PraMode)
    RCC_AHBPeriphClockCmd                    0x080013a9   Thumb Code    18  stm32f0xx_rcc.o(i.RCC_AHBPeriphClockCmd)
    RCC_APB1PeriphClockCmd                   0x080013c1   Thumb Code    18  stm32f0xx_rcc.o(i.RCC_APB1PeriphClockCmd)
    RCC_APB2PeriphClockCmd                   0x080013d9   Thumb Code    18  stm32f0xx_rcc.o(i.RCC_APB2PeriphClockCmd)
    RCC_APB2PeriphResetCmd                   0x080013f1   Thumb Code    18  stm32f0xx_rcc.o(i.RCC_APB2PeriphResetCmd)
    RCC_GetClocksFreq                        0x08001409   Thumb Code   208  stm32f0xx_rcc.o(i.RCC_GetClocksFreq)
    SYSCFG_EXTILineConfig                    0x08001531   Thumb Code    34  stm32f0xx_syscfg.o(i.SYSCFG_EXTILineConfig)
    SystemInit                               0x080015b9   Thumb Code    84  system_stm32f0xx.o(i.SystemInit)
    Systime_cal                              0x08001619   Thumb Code    48  bkg_proc.o(i.Systime_cal)
    TIM14_IRQHandler                         0x0800164d   Thumb Code    88  phasecutting.o(i.TIM14_IRQHandler)
    TIM15_IRQHandler                         0x080016ad   Thumb Code    86  phasecutting.o(i.TIM15_IRQHandler)
    TIM16_IRQHandler                         0x0800170d   Thumb Code    64  phasecutting.o(i.TIM16_IRQHandler)
    TIM3_IRQHandler                          0x08001755   Thumb Code    40  porttimer.o(i.TIM3_IRQHandler)
    TIM_ClearFlag                            0x08001785   Thumb Code     6  stm32f0xx_tim.o(i.TIM_ClearFlag)
    TIM_ClearITPendingBit                    0x0800178b   Thumb Code     6  stm32f0xx_tim.o(i.TIM_ClearITPendingBit)
    TIM_Cmd                                  0x08001791   Thumb Code    20  stm32f0xx_tim.o(i.TIM_Cmd)
    TIM_GetITStatus                          0x080017a5   Thumb Code    24  stm32f0xx_tim.o(i.TIM_GetITStatus)
    TIM_ITConfig                             0x080017bd   Thumb Code    16  stm32f0xx_tim.o(i.TIM_ITConfig)
    TIM_SetCounter                           0x080017cd   Thumb Code     4  stm32f0xx_tim.o(i.TIM_SetCounter)
    TIM_TimeBaseInit                         0x080017d1   Thumb Code    88  stm32f0xx_tim.o(i.TIM_TimeBaseInit)
    TimeTask                                 0x08001845   Thumb Code    64  lib.o(i.TimeTask)
    USART1_IRQHandler                        0x0800188d   Thumb Code    70  portserial.o(i.USART1_IRQHandler)
    USART_ClearITPendingBit                  0x080018ed   Thumb Code    10  stm32f0xx_usart.o(i.USART_ClearITPendingBit)
    USART_Cmd                                0x080018f7   Thumb Code    20  stm32f0xx_usart.o(i.USART_Cmd)
    USART_GetFlagStatus                      0x0800190b   Thumb Code    14  stm32f0xx_usart.o(i.USART_GetFlagStatus)
    USART_GetITStatus                        0x08001919   Thumb Code    56  stm32f0xx_usart.o(i.USART_GetITStatus)
    USART_ITConfig                           0x08001951   Thumb Code    42  stm32f0xx_usart.o(i.USART_ITConfig)
    USART_Init                               0x0800197d   Thumb Code   166  stm32f0xx_usart.o(i.USART_Init)
    USART_ReceiveData                        0x08001a2d   Thumb Code     8  stm32f0xx_usart.o(i.USART_ReceiveData)
    USART_SendData                           0x08001a35   Thumb Code     8  stm32f0xx_usart.o(i.USART_SendData)
    WriteEEROMPage                           0x08001a3d   Thumb Code    96  i2c_bsp.o(i.WriteEEROMPage)
    __ARM_common_switch8                     0x08001aa5   Thumb Code    26  mb_cb.o(i.__ARM_common_switch8)
    __scatterload_copy                       0x08001abf   Thumb Code    14  handlers.o(i.__scatterload_copy)
    __scatterload_null                       0x08001acd   Thumb Code     2  handlers.o(i.__scatterload_null)
    __scatterload_zeroinit                   0x08001acf   Thumb Code    14  handlers.o(i.__scatterload_zeroinit)
    _init_box                                0x08001add   Thumb Code    72  rt_membox.o(i._init_box)
    add_alarmlog_fifo                        0x08001be1   Thumb Code     2  event_record.o(i.add_alarmlog_fifo)
    ai_sts_update                            0x08001be5   Thumb Code   162  daq.o(i.ai_sts_update)
    alarm_acl_exe                            0x08001c99   Thumb Code   334  alarm_calc.o(i.alarm_acl_exe)
    alarm_acl_exe_process                    0x08001df5   Thumb Code    30  alarm_calc.o(i.alarm_acl_exe_process)
    alarm_acl_init                           0x08001e19   Thumb Code    20  alarm_calc.o(i.alarm_acl_init)
    bin_search                               0x08001ead   Thumb Code    76  calc.o(i.bin_search)
    bkg_proc                                 0x08001ef9   Thumb Code   102  bkg_proc.o(i.bkg_proc)
    bubble_sort                              0x08001f6d   Thumb Code    44  calc.o(i.bubble_sort)
    chain_init                               0x080020fd   Thumb Code    46  event_record.o(i.chain_init)
    checksum_u16                             0x0800219d   Thumb Code    26  calc.o(i.checksum_u16)
    com_proc                                 0x080021b9   Thumb Code    94  com_proc.o(i.com_proc)
    core_proc                                0x08002275   Thumb Code    28  core_proc.o(i.core_proc)
    daq_gvar_update                          0x08002295   Thumb Code     8  daq.o(i.daq_gvar_update)
    do_set                                   0x080022b5   Thumb Code    30  dio.o(i.do_set)
    drv_adc_dma_init                         0x080022d9   Thumb Code   236  adc.o(i.drv_adc_dma_init)
    drv_dio_bsp_init                         0x080023d1   Thumb Code   114  dio.o(i.drv_dio_bsp_init)
    drv_dio_init                             0x08002449   Thumb Code     8  dio.o(i.drv_dio_init)
    drv_i2c_init                             0x08002451   Thumb Code    72  i2c_bsp.o(i.drv_i2c_init)
    eMBEnable                                0x0800249d   Thumb Code    28  mb.o(i.eMBEnable)
    eMBFuncReadHoldingRegister               0x080024bd   Thumb Code    90  mbfuncholding.o(i.eMBFuncReadHoldingRegister)
    eMBFuncReadWriteMultipleHoldingRegister  0x08002517   Thumb Code   156  mbfuncholding.o(i.eMBFuncReadWriteMultipleHoldingRegister)
    eMBFuncWriteHoldingRegister              0x080025b3   Thumb Code    50  mbfuncholding.o(i.eMBFuncWriteHoldingRegister)
    eMBFuncWriteMultipleHoldingRegister      0x080025e5   Thumb Code    80  mbfuncholding.o(i.eMBFuncWriteMultipleHoldingRegister)
    eMBInit                                  0x08002635   Thumb Code    98  mb.o(i.eMBInit)
    eMBPoll                                  0x080026b9   Thumb Code   184  mb.o(i.eMBPoll)
    eMBRTUInit                               0x08002775   Thumb Code    56  mbrtu.o(i.eMBRTUInit)
    eMBRTUReceive                            0x080027b1   Thumb Code    66  mbrtu.o(i.eMBRTUReceive)
    eMBRTUSend                               0x080027fd   Thumb Code    82  mbrtu.o(i.eMBRTUSend)
    eMBRTUStart                              0x08002859   Thumb Code    22  mbrtu.o(i.eMBRTUStart)
    eMBRTUStop                               0x08002875   Thumb Code    16  mbrtu.o(i.eMBRTUStop)
    eMBRegHoldingCB                          0x08002885   Thumb Code   254  mb_cb.o(i.eMBRegHoldingCB)
    eeprom_compare_read                      0x080029a1   Thumb Code   172  global_var.o(i.eeprom_compare_read)
    eeprom_tripple_write                     0x08002a9d   Thumb Code   144  global_var.o(i.eeprom_tripple_write)
    fan_com_chk                              0x08002b31   Thumb Code    20  global_var.o(i.fan_com_chk)
    get_alarm_bitmap                         0x08002b45   Thumb Code    14  alarm_calc.o(i.get_alarm_bitmap)
    init_load_default                        0x08002bad   Thumb Code    40  global_var.o(i.init_load_default)
    isrMessagePut                            0x08002c41   Thumb Code    48  rt_cmsis.o(i.isrMessagePut)
    isr_mbx_send                             0x08002c71   Thumb Code    12  rt_mailbox.o(i.isr_mbx_send)
    led_close                                0x08002c7d   Thumb Code    40  led.o(i.led_close)
    led_init                                 0x08002ca9   Thumb Code    46  led.o(i.led_init)
    led_open                                 0x08002cdd   Thumb Code    40  led.o(i.led_open)
    led_toggle                               0x08002d09   Thumb Code    82  led.o(i.led_toggle)
    main                                     0x08002d61   Thumb Code    66  main.o(i.main)
    mb_get_baudrate                          0x08002dad   Thumb Code    52  mb_cb.o(i.mb_get_baudrate)
    mb_get_device_addr                       0x08002de1   Thumb Code     6  mb_cb.o(i.mb_get_device_addr)
    node_append                              0x08002ded   Thumb Code    62  event_record.o(i.node_append)
    node_delete                              0x08002e35   Thumb Code   108  event_record.o(i.node_delete)
    osDelay                                  0x08002eb1   Thumb Code    22  rt_cmsis.o(i.osDelay)
    osKernelInitialize                       0x08002ecd   Thumb Code    36  rt_cmsis.o(i.osKernelInitialize)
    osKernelStart                            0x08002ef5   Thumb Code   100  rt_cmsis.o(i.osKernelStart)
    osPoolAlloc                              0x08002f61   Thumb Code    32  rt_cmsis.o(i.osPoolAlloc)
    osPoolCreate                             0x08002f85   Thumb Code    44  rt_cmsis.o(i.osPoolCreate)
    osPoolFree                               0x08002fb9   Thumb Code    32  rt_cmsis.o(i.osPoolFree)
    osThreadCreate                           0x08002fdd   Thumb Code    44  rt_cmsis.o(i.osThreadCreate)
    osThreadExit                             0x08003011   Thumb Code    14  rt_cmsis.o(i.osThreadExit)
    os_error                                 0x08003029   Thumb Code     2  rtx_conf_cm.o(i.os_error)
    os_idle_demon                            0x0800302b   Thumb Code     2  rtx_conf_cm.o(i.os_idle_demon)
    os_tick_init                             0x0800302d   Thumb Code    32  rt_system.o(i.os_tick_init)
    os_tick_irqack                           0x08003059   Thumb Code     2  rt_system.o(i.os_tick_irqack)
    prveMBError2Exception                    0x0800305b   Thumb Code    24  mbutils.o(i.prveMBError2Exception)
    reg_map_write                            0x08003075   Thumb Code   172  global_var.o(i.reg_map_write)
    rt_alloc_box                             0x08003125   Thumb Code    30  rt_membox.o(i.rt_alloc_box)
    rt_alloc_mem                             0x08003143   Thumb Code    66  rt_memory.o(i.rt_alloc_mem)
    rt_block                                 0x08003185   Thumb Code    42  rt_task.o(i.rt_block)
    rt_chk_robin                             0x080031bd   Thumb Code    56  rt_robin.o(i.rt_chk_robin)
    rt_dec_dly                               0x08003201   Thumb Code   108  rt_list.o(i.rt_dec_dly)
    rt_dispatch                              0x08003275   Thumb Code    56  rt_task.o(i.rt_dispatch)
    rt_dly_wait                              0x080032b5   Thumb Code    10  rt_time.o(i.rt_dly_wait)
    rt_evt_psh                               0x080032c1   Thumb Code    74  rt_event.o(i.rt_evt_psh)
    rt_free_box                              0x08003311   Thumb Code    38  rt_membox.o(i.rt_free_box)
    rt_free_mem                              0x08003337   Thumb Code    48  rt_memory.o(i.rt_free_mem)
    rt_get_first                             0x08003367   Thumb Code    42  rt_list.o(i.rt_get_first)
    rt_init_mem                              0x080033d9   Thumb Code    28  rt_memory.o(i.rt_init_mem)
    rt_init_robin                            0x080033f5   Thumb Code    14  rt_robin.o(i.rt_init_robin)
    rt_init_stack                            0x0800340d   Thumb Code   106  hal_cm.o(i.rt_init_stack)
    rt_mbx_check                             0x08003485   Thumb Code     8  rt_mailbox.o(i.rt_mbx_check)
    rt_mbx_init                              0x0800348d   Thumb Code    30  rt_mailbox.o(i.rt_mbx_init)
    rt_mbx_psh                               0x080034b1   Thumb Code   204  rt_mailbox.o(i.rt_mbx_psh)
    rt_pop_req                               0x080035c5   Thumb Code   100  rt_system.o(i.rt_pop_req)
    rt_psh_req                               0x08003635   Thumb Code    24  rt_system.o(i.rt_psh_req)
    rt_psq_enq                               0x08003655   Thumb Code    60  rt_list.o(i.rt_psq_enq)
    rt_put_dly                               0x08003695   Thumb Code    74  rt_list.o(i.rt_put_dly)
    rt_put_prio                              0x080036e5   Thumb Code    60  rt_list.o(i.rt_put_prio)
    rt_put_rdy_first                         0x08003721   Thumb Code    14  rt_list.o(i.rt_put_rdy_first)
    rt_resort_prio                           0x08003735   Thumb Code    44  rt_list.o(i.rt_resort_prio)
    rt_ret_val                               0x08003765   Thumb Code     6  hal_cm.o(i.rt_ret_val)
    rt_ret_val2                              0x0800376b   Thumb Code     8  hal_cm.o(i.rt_ret_val2)
    rt_rmv_dly                               0x08003773   Thumb Code    42  rt_list.o(i.rt_rmv_dly)
    rt_rmv_list                              0x0800379d   Thumb Code    46  rt_list.o(i.rt_rmv_list)
    rt_sem_psh                               0x080037d1   Thumb Code    48  rt_semaphore.o(i.rt_sem_psh)
    rt_stk_check                             0x08003805   Thumb Code     2  rtx_conf_cm.o(i.rt_stk_check)
    rt_switch_req                            0x08003809   Thumb Code    10  rt_task.o(i.rt_switch_req)
    rt_sys_init                              0x08003819   Thumb Code   134  rt_task.o(i.rt_sys_init)
    rt_sys_start                             0x080038e1   Thumb Code    82  rt_task.o(i.rt_sys_start)
    rt_systick                               0x08003945   Thumb Code    48  rt_system.o(i.rt_systick)
    rt_tsk_create                            0x080039cd   Thumb Code   106  rt_task.o(i.rt_tsk_create)
    rt_tsk_delete                            0x08003a45   Thumb Code   318  rt_task.o(i.rt_tsk_delete)
    rt_tsk_prio                              0x08003b9d   Thumb Code   112  rt_task.o(i.rt_tsk_prio)
    rt_tsk_self                              0x08003c1d   Thumb Code    12  rt_task.o(i.rt_tsk_self)
    save_conf_reg                            0x08003c2d   Thumb Code   328  global_var.o(i.save_conf_reg)
    set_load_flag                            0x08003d81   Thumb Code    46  global_var.o(i.set_load_flag)
    svcDelay                                 0x08003daf   Thumb Code    18  rt_cmsis.o(i.svcDelay)
    svcKernelInitialize                      0x08003dc1   Thumb Code    86  rt_cmsis.o(i.svcKernelInitialize)
    svcKernelStart                           0x08003e39   Thumb Code    66  rt_cmsis.o(i.svcKernelStart)
    svcMessageCreate                         0x08003e85   Thumb Code    42  rt_cmsis.o(i.svcMessageCreate)
    svcPoolCreate                            0x08003eaf   Thumb Code    46  rt_cmsis.o(i.svcPoolCreate)
    svcThreadCreate                          0x08003edd   Thumb Code   102  rt_cmsis.o(i.svcThreadCreate)
    svcThreadGetId                           0x08003f51   Thumb Code    22  rt_cmsis.o(i.svcThreadGetId)
    svcThreadTerminate                       0x08003f6d   Thumb Code    56  rt_cmsis.o(i.svcThreadTerminate)
    sysPoolAlloc                             0x08003fa9   Thumb Code    12  rt_cmsis.o(i.sysPoolAlloc)
    sysPoolFree                              0x08003fb5   Thumb Code    22  rt_cmsis.o(i.sysPoolFree)
    sysTimerTick                             0x08003fcd   Thumb Code    78  rt_cmsis.o(i.sysTimerTick)
    sys_global_var_init                      0x08004025   Thumb Code   226  global_var.o(i.sys_global_var_init)
    sys_set_remap_status                     0x08004111   Thumb Code    22  sys_status.o(i.sys_set_remap_status)
    u16GetT2Val                              0x0800412d   Thumb Code    22  phasecutting.o(i.u16GetT2Val)
    uart1_init                               0x080041c1   Thumb Code    92  uart.o(i.uart1_init)
    usMBCRC16                                0x0800422d   Thumb Code    42  mbcrc.o(i.usMBCRC16)
    vCalPhaseCuttingTime                     0x0800425d   Thumb Code   216  phasecutting.o(i.vCalPhaseCuttingTime)
    vEnablePhaseAngleTiming                  0x08004345   Thumb Code    66  phasecutting.o(i.vEnablePhaseAngleTiming)
    vGetAcCyc                                0x08004395   Thumb Code   100  acfrequency.o(i.vGetAcCyc)
    vMBPortSerialEnable                      0x08004405   Thumb Code    80  portserial.o(i.vMBPortSerialEnable)
    vMBPortTimersDisable                     0x08004461   Thumb Code    40  porttimer.o(i.vMBPortTimersDisable)
    vMBPortTimersEnable                      0x0800448d   Thumb Code    40  porttimer.o(i.vMBPortTimersEnable)
    vSCRTrigOffCntrl                         0x080044b9   Thumb Code    34  phasecutting.o(i.vSCRTrigOffCntrl)
    vSCRTrigOnCntrl                          0x080044e1   Thumb Code    38  phasecutting.o(i.vSCRTrigOnCntrl)
    vUpdateAcCyc                             0x0800450d   Thumb Code    24  acfrequency.o(i.vUpdateAcCyc)
    vUpdateExtISRFltTm                       0x0800452d   Thumb Code    14  phasecutting.o(i.vUpdateExtISRFltTm)
    xMBPortEventGet                          0x08004541   Thumb Code    24  portevent.o(i.xMBPortEventGet)
    xMBPortEventInit                         0x0800455d   Thumb Code    10  portevent.o(i.xMBPortEventInit)
    xMBPortEventPost                         0x0800456d   Thumb Code    12  portevent.o(i.xMBPortEventPost)
    xMBPortSerialGetByte                     0x0800457d   Thumb Code    16  portserial.o(i.xMBPortSerialGetByte)
    xMBPortSerialInit                        0x08004591   Thumb Code    12  portserial.o(i.xMBPortSerialInit)
    xMBPortSerialPutByte                     0x0800459d   Thumb Code    14  portserial.o(i.xMBPortSerialPutByte)
    xMBPortTimersInit                        0x080045b1   Thumb Code   112  porttimer.o(i.xMBPortTimersInit)
    xMBRTUReceiveFSM                         0x0800462d   Thumb Code   100  mbrtu.o(i.xMBRTUReceiveFSM)
    xMBRTUTimerT35Expired                    0x08004699   Thumb Code    62  mbrtu.o(i.xMBRTUTimerT35Expired)
    xMBRTUTransmitFSM                        0x080046dd   Thumb Code    92  mbrtu.o(i.xMBRTUTransmitFSM)
    os_thread_def_core_proc                  0x0800473c   Data          16  main.o(.constdata)
    os_thread_def_com_proc                   0x0800474c   Data          16  main.o(.constdata)
    os_thread_def_bkg_proc                   0x0800475c   Data          16  main.o(.constdata)
    conf_reg_map_inst                        0x0800476c   Data        2000  global_var.o(.constdata)
    status_reg_map_inst                      0x08004f3c   Data         840  global_var.o(.constdata)
    ntc_lookup_tab                           0x08005284   Data         382  daq.o(.constdata)
    ACL_CONF                                 0x08005402   Data          40  alarm_calc.o(.constdata)
    os_pool_def_MemPool                      0x0800542c   Data          12  event_record.o(.constdata)
    g_u16VoutByAngleLib                      0x08005438   Data         282  fanctrl.o(.constdata)
    in_pin_map_inst                          0x08005554   Data          40  dio.o(.constdata)
    out_pin_map_inst                         0x0800557c   Data          16  dio.o(.constdata)
    os_maxtaskrun                            0x0800578c   Data           2  rtx_conf_cm.o(.constdata)
    os_stackinfo                             0x08005790   Data           4  rtx_conf_cm.o(.constdata)
    os_rrobin                                0x08005794   Data           4  rtx_conf_cm.o(.constdata)
    os_trv                                   0x08005798   Data           4  rtx_conf_cm.o(.constdata)
    os_flags                                 0x0800579c   Data           1  rtx_conf_cm.o(.constdata)
    CMSIS_RTOS_API_Version                   0x080057a0   Data           4  rtx_conf_cm.o(.constdata)
    CMSIS_RTOS_RTX_Version                   0x080057a4   Data           4  rtx_conf_cm.o(.constdata)
    os_clockrate                             0x080057a8   Data           4  rtx_conf_cm.o(.constdata)
    os_timernum                              0x080057ac   Data           4  rtx_conf_cm.o(.constdata)
    mp_tcb_size                              0x080057b0   Data           2  rtx_conf_cm.o(.constdata)
    mp_stk_size                              0x080057b4   Data           4  rtx_conf_cm.o(.constdata)
    os_stack_sz                              0x080057b8   Data           4  rtx_conf_cm.o(.constdata)
    os_fifo_size                             0x080057bc   Data           1  rtx_conf_cm.o(.constdata)
    os_messageQ_def_osTimerMessageQ          0x080057c0   Data           8  rtx_conf_cm.o(.constdata)
    mp_tmr_size                              0x080057c8   Data           2  rtx_conf_cm.o(.constdata)
    Region$$Table$$Base                      0x080057cc   Number         0  anon$$obj.o(Region$$Table)
    Region$$Table$$Limit                     0x080057ec   Number         0  anon$$obj.o(Region$$Table)
    tid_daq                                  0x20000000   Data           4  main.o(.data)
    tid_com                                  0x20000004   Data           4  main.o(.data)
    tid_bkg                                  0x20000008   Data           4  main.o(.data)
    com_change_inst                          0x20000010   Data           4  com_proc.o(.data)
    g_u8AlmStatus                            0x20000025   Data           8  alarm_calc.o(.data)
    MemPool_Id                               0x20000040   Data           4  event_record.o(.data)
    g_u8AcFrequencyStatus                    0x20000044   Data           1  acfrequency.o(.data)
    g_u8Freerror                             0x20000045   Data           1  acfrequency.o(.data)
    g_i16AcCycTimer                          0x20000048   Data           2  acfrequency.o(.data)
    g_u16RdACCyc                             0x2000004a   Data           2  acfrequency.o(.data)
    g_u16RdACCycSample                       0x2000004c   Data           2  acfrequency.o(.data)
    g_u16ACCyc                               0x2000004e   Data           2  acfrequency.o(.data)
    g_i16AcZeroTimer                         0x20000050   Data           2  acfrequency.o(.data)
    g_u16AcZeroDelay                         0x20000054   Data           4  acfrequency.o(.data)
    g_u8AcZeroFail                           0x20000058   Data           1  acfrequency.o(.data)
    g_u16FanPwrVout100                       0x20000060   Data           2  fanctrl.o(.data)
    g_u16FanScrAlfa                          0x20000062   Data           2  fanctrl.o(.data)
    g_i16MaxPressureNow                      0x2000006a   Data           2  fanctrl.o(.data)
    g_u8ExtISRFlt                            0x2000006c   Data           1  phasecutting.o(.data)
    g_u8PaSCR                                0x2000006d   Data           1  phasecutting.o(.data)
    g_u8PulseCycTcnt                         0x2000006e   Data           1  phasecutting.o(.data)
    g_u8TrigNo                               0x2000006f   Data           1  phasecutting.o(.data)
    g_u8ScrStartDelayTm                      0x20000070   Data           1  phasecutting.o(.data)
    g_u8ScrAngleChgDelayTm                   0x20000071   Data           1  phasecutting.o(.data)
    g_u16SCRTrigTm                           0x20000072   Data           2  phasecutting.o(.data)
    g_u16PaTrigWidthTimer                    0x20000074   Data           2  phasecutting.o(.data)
    g_u16PhaseAngleTcnt                      0x20000076   Data           2  phasecutting.o(.data)
    g_u8T_CNT                                0x20000078   Data           2  phasecutting.o(.data)
    g_u32Counter1us                          0x20000080   Data           4  phasecutting.o(.data)
    g_u32Counter1us_TEST                     0x20000084   Data           4  phasecutting.o(.data)
    g_u8PSensorOutRangeFlag                  0x20000090   Data           4  sample.o(.data)
    g_i16Analog                              0x20000094   Data           8  sample.o(.data)
    g_u8RunSecond                            0x2000009c   Data           1  lib.o(.data)
    g_u8RunMinute                            0x2000009d   Data           1  lib.o(.data)
    g_u16Millisecond                         0x2000009e   Data           2  lib.o(.data)
    ADC1ConvertedValue                       0x200000a0   Data           4  adc.o(.data)
    pxMBFrameCBByteReceived                  0x200000c4   Data           4  mb.o(.data)
    pxMBFrameCBTransmitterEmpty              0x200000c8   Data           4  mb.o(.data)
    pxMBPortCBTimerExpired                   0x200000cc   Data           4  mb.o(.data)
    m_tmr                                    0x20000170   Data           4  rtx_conf_cm.o(.data)
    os_thread_def_main                       0x20000174   Data          16  rtx_conf_cm.o(.data)
    osThreadId_osTimerThread                 0x20000184   Data           4  rtx_conf_cm.o(.data)
    osMessageQId_osTimerMessageQ             0x20000188   Data           4  rtx_conf_cm.o(.data)
    SystemCoreClock                          0x2000018c   Data           4  system_stm32f0xx.o(.data)
    AHBPrescTable                            0x20000190   Data          16  system_stm32f0xx.o(.data)
    os_initialized                           0x200001a0   Data           1  rt_cmsis.o(.data)
    os_running                               0x200001a1   Data           1  rt_cmsis.o(.data)
    os_timer_head                            0x200001a4   Data           4  rt_cmsis.o(.data)
    os_tsk                                   0x200001a8   Data           8  rt_task.o(.data)
    os_tick_irqn                             0x200001b4   Data           4  rt_system.o(.data)
    os_time                                  0x200001b8   Data           4  rt_time.o(.data)
    os_robin                                 0x200001bc   Data           8  rt_robin.o(.data)
    conf_reg                                 0x200001c4   Data         200  global_var.o(.bss)
    test_reg                                 0x2000028c   Data         200  global_var.o(.bss)
    g_sys                                    0x20000354   Data         280  global_var.o(.bss)
    os_pool_m_MemPool                        0x200004dc   Data          60  event_record.o(.bss)
    ADC1Buff                                 0x20000540   Data          40  adc.o(.bss)
    Filter                                   0x20000568   Data          40  adc.o(.bss)
    ucRTUBuf                                 0x20000590   Data         256  mbrtu.o(.bss)
    os_thread_def_osTimerThread              0x20000690   Data          16  rtx_conf_cm.o(.bss)
    os_messageQ_q_osTimerMessageQ            0x200006a0   Data          16  rtx_conf_cm.o(.bss)
    mp_tcb                                   0x200006b0   Data         220  rtx_conf_cm.o(.bss)
    mp_stk                                   0x20000790   Data        2064  rtx_conf_cm.o(.bss)
    os_stack_mem                             0x20000fa0   Data         536  rtx_conf_cm.o(.bss)
    os_fifo                                  0x200011b8   Data         132  rtx_conf_cm.o(.bss)
    os_active_TCB                            0x2000123c   Data          16  rtx_conf_cm.o(.bss)
    os_idle_TCB                              0x2000124c   Data          52  rt_task.o(.bss)
    os_rdy                                   0x20001280   Data          24  rt_list.o(.bss)
    os_dly                                   0x20001298   Data          24  rt_list.o(.bss)
    __initial_sp                             0x200016b0   Data           0  startup_stm32f051.o(STACK)



==============================================================================

Memory Map of the image

  Image Entry point : 0x08000249

  Load Region LR_1 (Base: 0x08000000, Size: 0x000059b0, Max: 0xffffffff, ABSOLUTE, COMPRESSED[0x00005848])

    Execution Region ER_RO (Exec base: 0x08000000, Load base: 0x08000000, Size: 0x000057ec, Max: 0xffffffff, ABSOLUTE)

    Exec Addr    Load Addr    Size         Type   Attr      Idx    E Section Name        Object

    0x08000000   0x08000000   0x000000c0   Data   RO         4187    RESET               startup_stm32f051.o
    0x080000c0   0x080000c0   0x00000000   Code   RO         5411  * .ARM.Collect$$$$00000000  mc_p.l(entry.o)
    0x080000c0   0x080000c0   0x00000004   Code   RO         5470    .ARM.Collect$$$$00000001  mc_p.l(entry2.o)
    0x080000c4   0x080000c4   0x00000004   Code   RO         5473    .ARM.Collect$$$$00000004  mc_p.l(entry5.o)
    0x080000c8   0x080000c8   0x00000000   Code   RO         5475    .ARM.Collect$$$$00000008  mc_p.l(entry7b.o)
    0x080000c8   0x080000c8   0x00000000   Code   RO         5477    .ARM.Collect$$$$0000000A  mc_p.l(entry8b.o)
    0x080000c8   0x080000c8   0x00000000   Code   RO         5478    .ARM.Collect$$$$0000000D  mc_p.l(entry10a.o)
    0x080000c8   0x080000c8   0x00000000   Code   RO         5480    .ARM.Collect$$$$0000000F  mc_p.l(entry11a.o)
    0x080000c8   0x080000c8   0x00000018   Code   RO         4120    .ARM.Collect$$$$000000FF  rtx_conf_cm.o
    0x080000e0   0x080000e0   0x00000004   Code   RO         5471    .ARM.Collect$$$$00002712  mc_p.l(entry2.o)
    0x080000e4   0x080000e4   0x00000164   Code   RO         5398    .emb_text           RTX_CM0.lib(hal_cm0.o)
    0x08000248   0x08000248   0x00000058   Code   RO         4188  * .text               startup_stm32f051.o
    0x080002a0   0x080002a0   0x0000002c   Code   RO         5414    .text               mc_p.l(uidiv.o)
    0x080002cc   0x080002cc   0x00000028   Code   RO         5416    .text               mc_p.l(idiv.o)
    0x080002f4   0x080002f4   0x00000014   Code   RO         5454    .text               mc_p.l(uread4.o)
    0x08000308   0x08000308   0x00000012   Code   RO         5456    .text               mc_p.l(uwrite4.o)
    0x0800031a   0x0800031a   0x00000002   PAD
    0x0800031c   0x0800031c   0x00000024   Code   RO         5491    .text               mc_p.l(init.o)
    0x08000340   0x08000340   0x00000056   Code   RO         5501    .text               mc_p.l(__dczerorl2.o)
    0x08000396   0x08000396   0x00000002   PAD
    0x08000398   0x08000398   0x00000004   Code   RO         5408    SVC_TABLE           RTX_CM0.lib(svc_table.o)
    0x0800039c   0x0800039c   0x0000000a   Code   RO         2334    i.ADC_ChannelConfig  stm32f0xx_adc.o
    0x080003a6   0x080003a6   0x00000004   Code   RO         2337    i.ADC_ClockModeConfig  stm32f0xx_adc.o
    0x080003aa   0x080003aa   0x00000012   Code   RO         2338    i.ADC_Cmd           stm32f0xx_adc.o
    0x080003bc   0x080003bc   0x00000014   Code   RO         2340    i.ADC_DMACmd        stm32f0xx_adc.o
    0x080003d0   0x080003d0   0x00000010   Code   RO         2341    i.ADC_DMARequestModeConfig  stm32f0xx_adc.o
    0x080003e0   0x080003e0   0x00000020   Code   RO         2342    i.ADC_DeInit        stm32f0xx_adc.o
    0x08000400   0x08000400   0x0000004c   Code   RO          424    i.ADC_Filter2       daq.o
    0x0800044c   0x0800044c   0x0000002e   Code   RO         2344    i.ADC_GetCalibrationFactor  stm32f0xx_adc.o
    0x0800047a   0x0800047a   0x0000001c   Code   RO         2346    i.ADC_GetFlagStatus  stm32f0xx_adc.o
    0x08000496   0x08000496   0x00000002   PAD
    0x08000498   0x08000498   0x0000002c   Code   RO         2349    i.ADC_Init          stm32f0xx_adc.o
    0x080004c4   0x080004c4   0x0000000a   Code   RO         2352    i.ADC_StartOfConversion  stm32f0xx_adc.o
    0x080004ce   0x080004ce   0x00000010   Code   RO         2354    i.ADC_StructInit    stm32f0xx_adc.o
    0x080004de   0x080004de   0x00000002   PAD
    0x080004e0   0x080004e0   0x00000050   Code   RO          732    i.AVGfilter         acfrequency.o
    0x08000530   0x08000530   0x00000050   Code   RO          425    i.AVGfilter2        daq.o
    0x08000580   0x08000580   0x0000005c   Code   RO          786    i.CalculateAngleByVout  fanctrl.o
    0x080005dc   0x080005dc   0x000000bc   Code   RO          787    i.CalculatePressurePoint  fanctrl.o
    0x08000698   0x08000698   0x000001e8   Code   RO          788    i.CalculateVout     fanctrl.o
    0x08000880   0x08000880   0x000000b0   Code   RO          733    i.ChkACFrequency    acfrequency.o
    0x08000930   0x08000930   0x00000040   Code   RO         1428    i.DI_update         dio.o
    0x08000970   0x08000970   0x0000000c   Code   RO         2523    i.DMA_ClearFlag     stm32f0xx_dma.o
    0x0800097c   0x0800097c   0x00000018   Code   RO         2525    i.DMA_Cmd           stm32f0xx_dma.o
    0x08000994   0x08000994   0x0000006c   Code   RO         2526    i.DMA_DeInit        stm32f0xx_dma.o
    0x08000a00   0x08000a00   0x00000014   Code   RO         2528    i.DMA_GetFlagStatus  stm32f0xx_dma.o
    0x08000a14   0x08000a14   0x0000003c   Code   RO         2531    i.DMA_Init          stm32f0xx_dma.o
    0x08000a50   0x08000a50   0x0000002c   Code   RO          877    i.DisableT0         phasecutting.o
    0x08000a7c   0x08000a7c   0x0000002c   Code   RO          878    i.DisableT1         phasecutting.o
    0x08000aa8   0x08000aa8   0x00000038   Code   RO          880    i.EXTI2_3_IRQHandler  phasecutting.o
    0x08000ae0   0x08000ae0   0x0000002c   Code   RO          881    i.EXTI4_15_IRQHandler  phasecutting.o
    0x08000b0c   0x08000b0c   0x0000000c   Code   RO         4061    i.EXTI_ClearITPendingBit  stm32f0xx_exti.o
    0x08000b18   0x08000b18   0x0000001c   Code   RO         4065    i.EXTI_GetITStatus  stm32f0xx_exti.o
    0x08000b34   0x08000b34   0x0000006c   Code   RO         4066    i.EXTI_Init         stm32f0xx_exti.o
    0x08000ba0   0x08000ba0   0x00000020   Code   RO          789    i.FanCtrlAlgorithm  fanctrl.o
    0x08000bc0   0x08000bc0   0x00000030   Code   RO          790    i.FanCtrlStatus     fanctrl.o
    0x08000bf0   0x08000bf0   0x00000024   Code   RO          791    i.FanOutError       fanctrl.o
    0x08000c14   0x08000c14   0x00000020   Code   RO          792    i.FanStartSwitch    fanctrl.o
    0x08000c34   0x08000c34   0x00000070   Code   RO         2604    i.GPIO_Init         stm32f0xx_gpio.o
    0x08000ca4   0x08000ca4   0x00000020   Code   RO         2605    i.GPIO_PinAFConfig  stm32f0xx_gpio.o
    0x08000cc4   0x08000cc4   0x0000000e   Code   RO         2608    i.GPIO_ReadInputDataBit  stm32f0xx_gpio.o
    0x08000cd2   0x08000cd2   0x0000000e   Code   RO         2610    i.GPIO_ReadOutputDataBit  stm32f0xx_gpio.o
    0x08000ce0   0x08000ce0   0x00000004   Code   RO         2611    i.GPIO_ResetBits    stm32f0xx_gpio.o
    0x08000ce4   0x08000ce4   0x00000004   Code   RO         2612    i.GPIO_SetBits      stm32f0xx_gpio.o
    0x08000ce8   0x08000ce8   0x0000000c   Code   RO         2615    i.GPIO_WriteBit     stm32f0xx_gpio.o
    0x08000cf4   0x08000cf4   0x00000028   Code   RO         1105    i.GetCurrSec        lib.o
    0x08000d1c   0x08000d1c   0x00000030   Code   RO          793    i.GetMaxPressureVal  fanctrl.o
    0x08000d4c   0x08000d4c   0x00000030   Code   RO         1108    i.GetSecTimeGap     lib.o
    0x08000d7c   0x08000d7c   0x00000002   Code   RO         1240    i.HardFault_Handler  stm32f0xx_it.o
    0x08000d7e   0x08000d7e   0x00000008   Code   RO         1504    i.I2C_EE_BufRead    i2c_bsp.o
    0x08000d86   0x08000d86   0x00000002   PAD
    0x08000d88   0x08000d88   0x00000080   Code   RO         1505    i.I2C_EE_BufRead_bsp  i2c_bsp.o
    0x08000e08   0x08000e08   0x00000008   Code   RO         1506    i.I2C_EE_BufWrite   i2c_bsp.o
    0x08000e10   0x08000e10   0x0000009c   Code   RO         1507    i.I2C_EE_BufWrite_bsp  i2c_bsp.o
    0x08000eac   0x08000eac   0x00000084   Code   RO         1508    i.IIC_Read_Byte     i2c_bsp.o
    0x08000f30   0x08000f30   0x00000020   Code   RO         1509    i.IIC_SCL           i2c_bsp.o
    0x08000f50   0x08000f50   0x00000020   Code   RO         1510    i.IIC_SDA           i2c_bsp.o
    0x08000f70   0x08000f70   0x00000046   Code   RO         1511    i.IIC_Send_Byte     i2c_bsp.o
    0x08000fb6   0x08000fb6   0x0000002c   Code   RO         1512    i.IIC_Start         i2c_bsp.o
    0x08000fe2   0x08000fe2   0x0000002c   Code   RO         1513    i.IIC_Stop          i2c_bsp.o
    0x0800100e   0x0800100e   0x00000002   PAD
    0x08001010   0x08001010   0x0000004c   Code   RO         1514    i.IIC_Wait_Ack      i2c_bsp.o
    0x0800105c   0x0800105c   0x00000010   Code   RO         1372    i.IWDG_Enable       stm32f0xx_iwdg.o
    0x0800106c   0x0800106c   0x00000010   Code   RO         1374    i.IWDG_ReloadCounter  stm32f0xx_iwdg.o
    0x0800107c   0x0800107c   0x0000000c   Code   RO         1375    i.IWDG_SetPrescaler  stm32f0xx_iwdg.o
    0x08001088   0x08001088   0x0000000c   Code   RO         1376    i.IWDG_SetReload    stm32f0xx_iwdg.o
    0x08001094   0x08001094   0x0000000c   Code   RO         1378    i.IWDG_WriteAccessCmd  stm32f0xx_iwdg.o
    0x080010a0   0x080010a0   0x0000005c   Code   RO          885    i.InitEXINT1        phasecutting.o
    0x080010fc   0x080010fc   0x0000005c   Code   RO          886    i.InitEXINT2        phasecutting.o
    0x08001158   0x08001158   0x00000024   Code   RO          794    i.InitFanCtrl       fanctrl.o
    0x0800117c   0x0800117c   0x00000064   Code   RO          887    i.InitT0            phasecutting.o
    0x080011e0   0x080011e0   0x00000064   Code   RO          888    i.InitT1            phasecutting.o
    0x08001244   0x08001244   0x00000058   Code   RO          889    i.InitT2            phasecutting.o
    0x0800129c   0x0800129c   0x0000003a   Code   RO          482    i.MedianFilter      calc.o
    0x080012d6   0x080012d6   0x00000002   Code   RO         1241    i.NMI_Handler       stm32f0xx_it.o
    0x080012d8   0x080012d8   0x00000050   Code   RO         2695    i.NVIC_Init         stm32f0xx_misc.o
    0x08001328   0x08001328   0x00000010   Code   RO          890    i.PaSCROFF          phasecutting.o
    0x08001338   0x08001338   0x00000010   Code   RO          891    i.PaSCRON           phasecutting.o
    0x08001348   0x08001348   0x00000032   Code   RO          892    i.PaSCR_Init        phasecutting.o
    0x0800137a   0x0800137a   0x00000002   PAD
    0x0800137c   0x0800137c   0x0000002c   Code   RO          795    i.PraMode           fanctrl.o
    0x080013a8   0x080013a8   0x00000018   Code   RO         2728    i.RCC_AHBPeriphClockCmd  stm32f0xx_rcc.o
    0x080013c0   0x080013c0   0x00000018   Code   RO         2730    i.RCC_APB1PeriphClockCmd  stm32f0xx_rcc.o
    0x080013d8   0x080013d8   0x00000018   Code   RO         2732    i.RCC_APB2PeriphClockCmd  stm32f0xx_rcc.o
    0x080013f0   0x080013f0   0x00000018   Code   RO         2733    i.RCC_APB2PeriphResetCmd  stm32f0xx_rcc.o
    0x08001408   0x08001408   0x000000e8   Code   RO         2742    i.RCC_GetClocksFreq  stm32f0xx_rcc.o
    0x080014f0   0x080014f0   0x0000001c   Code   RO         1515    i.SDA_IN            i2c_bsp.o
    0x0800150c   0x0800150c   0x00000024   Code   RO         1516    i.SDA_OUT           i2c_bsp.o
    0x08001530   0x08001530   0x00000028   Code   RO         2981    i.SYSCFG_EXTILineConfig  stm32f0xx_syscfg.o
    0x08001558   0x08001558   0x00000060   Code   RO         4194    i.SetSysClock       system_stm32f0xx.o
    0x080015b8   0x080015b8   0x00000060   Code   RO         4196    i.SystemInit        system_stm32f0xx.o
    0x08001618   0x08001618   0x00000034   Code   RO          372    i.Systime_cal       bkg_proc.o
    0x0800164c   0x0800164c   0x00000060   Code   RO          893    i.TIM14_IRQHandler  phasecutting.o
    0x080016ac   0x080016ac   0x00000060   Code   RO          894    i.TIM15_IRQHandler  phasecutting.o
    0x0800170c   0x0800170c   0x00000048   Code   RO          895    i.TIM16_IRQHandler  phasecutting.o
    0x08001754   0x08001754   0x00000030   Code   RO         2137    i.TIM3_IRQHandler   porttimer.o
    0x08001784   0x08001784   0x00000006   Code   RO         3361    i.TIM_ClearFlag     stm32f0xx_tim.o
    0x0800178a   0x0800178a   0x00000006   Code   RO         3362    i.TIM_ClearITPendingBit  stm32f0xx_tim.o
    0x08001790   0x08001790   0x00000014   Code   RO         3367    i.TIM_Cmd           stm32f0xx_tim.o
    0x080017a4   0x080017a4   0x00000018   Code   RO         3388    i.TIM_GetITStatus   stm32f0xx_tim.o
    0x080017bc   0x080017bc   0x00000010   Code   RO         3392    i.TIM_ITConfig      stm32f0xx_tim.o
    0x080017cc   0x080017cc   0x00000004   Code   RO         3434    i.TIM_SetCounter    stm32f0xx_tim.o
    0x080017d0   0x080017d0   0x00000074   Code   RO         3440    i.TIM_TimeBaseInit  stm32f0xx_tim.o
    0x08001844   0x08001844   0x00000048   Code   RO         1109    i.TimeTask          lib.o
    0x0800188c   0x0800188c   0x00000060   Code   RO         2089    i.USART1_IRQHandler  portserial.o
    0x080018ec   0x080018ec   0x0000000a   Code   RO         3044    i.USART_ClearITPendingBit  stm32f0xx_usart.o
    0x080018f6   0x080018f6   0x00000014   Code   RO         3047    i.USART_Cmd         stm32f0xx_usart.o
    0x0800190a   0x0800190a   0x0000000e   Code   RO         3055    i.USART_GetFlagStatus  stm32f0xx_usart.o
    0x08001918   0x08001918   0x00000038   Code   RO         3056    i.USART_GetITStatus  stm32f0xx_usart.o
    0x08001950   0x08001950   0x0000002a   Code   RO         3058    i.USART_ITConfig    stm32f0xx_usart.o
    0x0800197a   0x0800197a   0x00000002   PAD
    0x0800197c   0x0800197c   0x000000b0   Code   RO         3059    i.USART_Init        stm32f0xx_usart.o
    0x08001a2c   0x08001a2c   0x00000008   Code   RO         3071    i.USART_ReceiveData  stm32f0xx_usart.o
    0x08001a34   0x08001a34   0x00000008   Code   RO         3076    i.USART_SendData    stm32f0xx_usart.o
    0x08001a3c   0x08001a3c   0x00000068   Code   RO         1517    i.WriteEEROMPage    i2c_bsp.o
    0x08001aa4   0x08001aa4   0x0000001a   Code   RO         2226    i.__ARM_common_switch8  mb_cb.o
    0x08001abe   0x08001abe   0x0000000e   Code   RO         5495    i.__scatterload_copy  mc_p.l(handlers.o)
    0x08001acc   0x08001acc   0x00000002   Code   RO         5496    i.__scatterload_null  mc_p.l(handlers.o)
    0x08001ace   0x08001ace   0x0000000e   Code   RO         5497    i.__scatterload_zeroinit  mc_p.l(handlers.o)
    0x08001adc   0x08001adc   0x00000048   Code   RO         5300    i._init_box         RTX_CM0.lib(rt_membox.o)
    0x08001b24   0x08001b24   0x00000030   Code   RO          548    i.acl00             alarm_calc.o
    0x08001b54   0x08001b54   0x0000005c   Code   RO          549    i.acl01             alarm_calc.o
    0x08001bb0   0x08001bb0   0x0000002c   Code   RO          550    i.acl02             alarm_calc.o
    0x08001bdc   0x08001bdc   0x00000004   Code   RO          551    i.acl03             alarm_calc.o
    0x08001be0   0x08001be0   0x00000002   Code   RO          643    i.add_alarmlog_fifo  event_record.o
    0x08001be2   0x08001be2   0x00000002   PAD
    0x08001be4   0x08001be4   0x000000b4   Code   RO          426    i.ai_sts_update     daq.o
    0x08001c98   0x08001c98   0x0000015c   Code   RO          552    i.alarm_acl_exe     alarm_calc.o
    0x08001df4   0x08001df4   0x00000024   Code   RO          553    i.alarm_acl_exe_process  alarm_calc.o
    0x08001e18   0x08001e18   0x0000001c   Code   RO          554    i.alarm_acl_init    alarm_calc.o
    0x08001e34   0x08001e34   0x0000005c   Code   RO          555    i.alarm_arbiration  alarm_calc.o
    0x08001e90   0x08001e90   0x0000001c   Code   RO          556    i.alarm_status_bitmap_op  alarm_calc.o
    0x08001eac   0x08001eac   0x0000004c   Code   RO          483    i.bin_search        calc.o
    0x08001ef8   0x08001ef8   0x00000074   Code   RO          373    i.bkg_proc          bkg_proc.o
    0x08001f6c   0x08001f6c   0x0000002c   Code   RO          484    i.bubble_sort       calc.o
    0x08001f98   0x08001f98   0x00000098   Code   RO          644    i.calc_alrarm_cnt   event_record.o
    0x08002030   0x08002030   0x0000006c   Code   RO          427    i.calc_hi_press_ai  daq.o
    0x0800209c   0x0800209c   0x00000060   Code   RO          428    i.calc_ntc          daq.o
    0x080020fc   0x080020fc   0x00000040   Code   RO          645    i.chain_init        event_record.o
    0x0800213c   0x0800213c   0x00000060   Code   RO          321    i.change_surv_baudrate  com_proc.o
    0x0800219c   0x0800219c   0x0000001a   Code   RO          485    i.checksum_u16      calc.o
    0x080021b6   0x080021b6   0x00000002   PAD
    0x080021b8   0x080021b8   0x00000068   Code   RO          322    i.com_proc          com_proc.o
    0x08002220   0x08002220   0x00000054   Code   RO          159    i.conf_reg_read_ee  global_var.o
    0x08002274   0x08002274   0x00000020   Code   RO          261    i.core_proc         core_proc.o
    0x08002294   0x08002294   0x00000008   Code   RO          429    i.daq_gvar_update   daq.o
    0x0800229c   0x0800229c   0x00000016   Code   RO         1518    i.delay_us          i2c_bsp.o
    0x080022b2   0x080022b2   0x00000002   PAD
    0x080022b4   0x080022b4   0x00000024   Code   RO         1429    i.do_set            dio.o
    0x080022d8   0x080022d8   0x000000f8   Code   RO         1167    i.drv_adc_dma_init  adc.o
    0x080023d0   0x080023d0   0x00000078   Code   RO         1430    i.drv_dio_bsp_init  dio.o
    0x08002448   0x08002448   0x00000008   Code   RO         1431    i.drv_dio_init      dio.o
    0x08002450   0x08002450   0x0000004c   Code   RO         1519    i.drv_i2c_init      i2c_bsp.o
    0x0800249c   0x0800249c   0x00000020   Code   RO         1793    i.eMBEnable         mb.o
    0x080024bc   0x080024bc   0x0000005a   Code   RO         1985    i.eMBFuncReadHoldingRegister  mbfuncholding.o
    0x08002516   0x08002516   0x0000009c   Code   RO         1986    i.eMBFuncReadWriteMultipleHoldingRegister  mbfuncholding.o
    0x080025b2   0x080025b2   0x00000032   Code   RO         1987    i.eMBFuncWriteHoldingRegister  mbfuncholding.o
    0x080025e4   0x080025e4   0x00000050   Code   RO         1988    i.eMBFuncWriteMultipleHoldingRegister  mbfuncholding.o
    0x08002634   0x08002634   0x00000084   Code   RO         1794    i.eMBInit           mb.o
    0x080026b8   0x080026b8   0x000000bc   Code   RO         1795    i.eMBPoll           mb.o
    0x08002774   0x08002774   0x0000003c   Code   RO         1898    i.eMBRTUInit        mbrtu.o
    0x080027b0   0x080027b0   0x0000004c   Code   RO         1899    i.eMBRTUReceive     mbrtu.o
    0x080027fc   0x080027fc   0x0000005c   Code   RO         1900    i.eMBRTUSend        mbrtu.o
    0x08002858   0x08002858   0x0000001c   Code   RO         1901    i.eMBRTUStart       mbrtu.o
    0x08002874   0x08002874   0x00000010   Code   RO         1902    i.eMBRTUStop        mbrtu.o
    0x08002884   0x08002884   0x0000011c   Code   RO         2177    i.eMBRegHoldingCB   mb_cb.o
    0x080029a0   0x080029a0   0x000000b0   Code   RO          160    i.eeprom_compare_read  global_var.o
    0x08002a50   0x08002a50   0x0000004c   Code   RO          161    i.eeprom_singel_write  global_var.o
    0x08002a9c   0x08002a9c   0x00000094   Code   RO          162    i.eeprom_tripple_write  global_var.o
    0x08002b30   0x08002b30   0x00000014   Code   RO          163    i.fan_com_chk       global_var.o
    0x08002b44   0x08002b44   0x00000014   Code   RO          558    i.get_alarm_bitmap  alarm_calc.o
    0x08002b58   0x08002b58   0x00000054   Code   RO          559    i.init_alarm        alarm_calc.o
    0x08002bac   0x08002bac   0x00000030   Code   RO          164    i.init_load_default  global_var.o
    0x08002bdc   0x08002bdc   0x00000064   Code   RO          165    i.init_load_factory_conf  global_var.o
    0x08002c40   0x08002c40   0x00000030   Code   RO         4232    i.isrMessagePut     RTX_CM0.lib(rt_cmsis.o)
    0x08002c70   0x08002c70   0x0000000c   Code   RO         5147    i.isr_mbx_send      RTX_CM0.lib(rt_mailbox.o)
    0x08002c7c   0x08002c7c   0x0000002c   Code   RO         1311    i.led_close         led.o
    0x08002ca8   0x08002ca8   0x00000034   Code   RO         1312    i.led_init          led.o
    0x08002cdc   0x08002cdc   0x0000002c   Code   RO         1313    i.led_open          led.o
    0x08002d08   0x08002d08   0x00000058   Code   RO         1314    i.led_toggle        led.o
    0x08002d60   0x08002d60   0x0000004c   Code   RO            3    i.main              main.o
    0x08002dac   0x08002dac   0x00000034   Code   RO         2179    i.mb_get_baudrate   mb_cb.o
    0x08002de0   0x08002de0   0x0000000c   Code   RO         2180    i.mb_get_device_addr  mb_cb.o
    0x08002dec   0x08002dec   0x00000048   Code   RO          647    i.node_append       event_record.o
    0x08002e34   0x08002e34   0x0000007c   Code   RO          648    i.node_delete       event_record.o
    0x08002eb0   0x08002eb0   0x0000001c   Code   RO         4235    i.osDelay           RTX_CM0.lib(rt_cmsis.o)
    0x08002ecc   0x08002ecc   0x00000028   Code   RO         4236    i.osKernelInitialize  RTX_CM0.lib(rt_cmsis.o)
    0x08002ef4   0x08002ef4   0x0000006c   Code   RO         4238    i.osKernelStart     RTX_CM0.lib(rt_cmsis.o)
    0x08002f60   0x08002f60   0x00000024   Code   RO         4253    i.osPoolAlloc       RTX_CM0.lib(rt_cmsis.o)
    0x08002f84   0x08002f84   0x00000034   Code   RO         4255    i.osPoolCreate      RTX_CM0.lib(rt_cmsis.o)
    0x08002fb8   0x08002fb8   0x00000024   Code   RO         4256    i.osPoolFree        RTX_CM0.lib(rt_cmsis.o)
    0x08002fdc   0x08002fdc   0x00000034   Code   RO         4264    i.osThreadCreate    RTX_CM0.lib(rt_cmsis.o)
    0x08003010   0x08003010   0x00000018   Code   RO         4265    i.osThreadExit      RTX_CM0.lib(rt_cmsis.o)
    0x08003028   0x08003028   0x00000002   Code   RO         4121    i.os_error          rtx_conf_cm.o
    0x0800302a   0x0800302a   0x00000002   Code   RO         4122    i.os_idle_demon     rtx_conf_cm.o
    0x0800302c   0x0800302c   0x0000002c   Code   RO         4934    i.os_tick_init      RTX_CM0.lib(rt_system.o)
    0x08003058   0x08003058   0x00000002   Code   RO         4935    i.os_tick_irqack    RTX_CM0.lib(rt_system.o)
    0x0800305a   0x0800305a   0x00000018   Code   RO         2023    i.prveMBError2Exception  mbutils.o
    0x08003072   0x08003072   0x00000002   PAD
    0x08003074   0x08003074   0x000000b0   Code   RO          166    i.reg_map_write     global_var.o
    0x08003124   0x08003124   0x0000001e   Code   RO         5301    i.rt_alloc_box      RTX_CM0.lib(rt_membox.o)
    0x08003142   0x08003142   0x00000042   Code   RO         5329    i.rt_alloc_mem      RTX_CM0.lib(rt_memory.o)
    0x08003184   0x08003184   0x00000038   Code   RO         4849    i.rt_block          RTX_CM0.lib(rt_task.o)
    0x080031bc   0x080031bc   0x00000044   Code   RO         5377    i.rt_chk_robin      RTX_CM0.lib(rt_robin.o)
    0x08003200   0x08003200   0x00000074   Code   RO         5070    i.rt_dec_dly        RTX_CM0.lib(rt_list.o)
    0x08003274   0x08003274   0x00000040   Code   RO         4850    i.rt_dispatch       RTX_CM0.lib(rt_task.o)
    0x080032b4   0x080032b4   0x0000000a   Code   RO         5236    i.rt_dly_wait       RTX_CM0.lib(rt_time.o)
    0x080032be   0x080032be   0x00000002   PAD
    0x080032c0   0x080032c0   0x00000050   Code   RO         5027    i.rt_evt_psh        RTX_CM0.lib(rt_event.o)
    0x08003310   0x08003310   0x00000026   Code   RO         5302    i.rt_free_box       RTX_CM0.lib(rt_membox.o)
    0x08003336   0x08003336   0x00000030   Code   RO         5330    i.rt_free_mem       RTX_CM0.lib(rt_memory.o)
    0x08003366   0x08003366   0x0000002a   Code   RO         5071    i.rt_get_first      RTX_CM0.lib(rt_list.o)
    0x08003390   0x08003390   0x00000048   Code   RO         4851    i.rt_init_context   RTX_CM0.lib(rt_task.o)
    0x080033d8   0x080033d8   0x0000001c   Code   RO         5331    i.rt_init_mem       RTX_CM0.lib(rt_memory.o)
    0x080033f4   0x080033f4   0x00000018   Code   RO         5378    i.rt_init_robin     RTX_CM0.lib(rt_robin.o)
    0x0800340c   0x0800340c   0x00000078   Code   RO         5353    i.rt_init_stack     RTX_CM0.lib(hal_cm.o)
    0x08003484   0x08003484   0x00000008   Code   RO         5148    i.rt_mbx_check      RTX_CM0.lib(rt_mailbox.o)
    0x0800348c   0x0800348c   0x00000024   Code   RO         5149    i.rt_mbx_init       RTX_CM0.lib(rt_mailbox.o)
    0x080034b0   0x080034b0   0x000000d0   Code   RO         5150    i.rt_mbx_psh        RTX_CM0.lib(rt_mailbox.o)
    0x08003580   0x08003580   0x00000044   Code   RO         4282    i.rt_ms2tick        RTX_CM0.lib(rt_cmsis.o)
    0x080035c4   0x080035c4   0x00000070   Code   RO         4938    i.rt_pop_req        RTX_CM0.lib(rt_system.o)
    0x08003634   0x08003634   0x00000020   Code   RO         4939    i.rt_psh_req        RTX_CM0.lib(rt_system.o)
    0x08003654   0x08003654   0x00000040   Code   RO         5073    i.rt_psq_enq        RTX_CM0.lib(rt_list.o)
    0x08003694   0x08003694   0x00000050   Code   RO         5074    i.rt_put_dly        RTX_CM0.lib(rt_list.o)
    0x080036e4   0x080036e4   0x0000003c   Code   RO         5075    i.rt_put_prio       RTX_CM0.lib(rt_list.o)
    0x08003720   0x08003720   0x00000014   Code   RO         5076    i.rt_put_rdy_first  RTX_CM0.lib(rt_list.o)
    0x08003734   0x08003734   0x00000030   Code   RO         5077    i.rt_resort_prio    RTX_CM0.lib(rt_list.o)
    0x08003764   0x08003764   0x00000006   Code   RO         5354    i.rt_ret_val        RTX_CM0.lib(hal_cm.o)
    0x0800376a   0x0800376a   0x00000008   Code   RO         5355    i.rt_ret_val2       RTX_CM0.lib(hal_cm.o)
    0x08003772   0x08003772   0x0000002a   Code   RO         5078    i.rt_rmv_dly        RTX_CM0.lib(rt_list.o)
    0x0800379c   0x0800379c   0x00000034   Code   RO         5079    i.rt_rmv_list       RTX_CM0.lib(rt_list.o)
    0x080037d0   0x080037d0   0x00000034   Code   RO         5197    i.rt_sem_psh        RTX_CM0.lib(rt_semaphore.o)
    0x08003804   0x08003804   0x00000002   Code   RO         4123    i.rt_stk_check      rtx_conf_cm.o
    0x08003806   0x08003806   0x00000002   PAD
    0x08003808   0x08003808   0x00000010   Code   RO         4852    i.rt_switch_req     RTX_CM0.lib(rt_task.o)
    0x08003818   0x08003818   0x000000c8   Code   RO         4853    i.rt_sys_init       RTX_CM0.lib(rt_task.o)
    0x080038e0   0x080038e0   0x00000064   Code   RO         4854    i.rt_sys_start      RTX_CM0.lib(rt_task.o)
    0x08003944   0x08003944   0x0000003c   Code   RO         4943    i.rt_systick        RTX_CM0.lib(rt_system.o)
    0x08003980   0x08003980   0x00000012   Code   RO         4283    i.rt_tid2ptcb       RTX_CM0.lib(rt_cmsis.o)
    0x08003992   0x08003992   0x00000002   PAD
    0x08003994   0x08003994   0x00000038   Code   RO         4284    i.rt_timer_insert   RTX_CM0.lib(rt_cmsis.o)
    0x080039cc   0x080039cc   0x00000078   Code   RO         4855    i.rt_tsk_create     RTX_CM0.lib(rt_task.o)
    0x08003a44   0x08003a44   0x00000158   Code   RO         4856    i.rt_tsk_delete     RTX_CM0.lib(rt_task.o)
    0x08003b9c   0x08003b9c   0x00000080   Code   RO         4858    i.rt_tsk_prio       RTX_CM0.lib(rt_task.o)
    0x08003c1c   0x08003c1c   0x00000010   Code   RO         4859    i.rt_tsk_self       RTX_CM0.lib(rt_task.o)
    0x08003c2c   0x08003c2c   0x00000154   Code   RO          167    i.save_conf_reg     global_var.o
    0x08003d80   0x08003d80   0x0000002e   Code   RO          168    i.set_load_flag     global_var.o
    0x08003dae   0x08003dae   0x00000012   Code   RO         4286    i.svcDelay          RTX_CM0.lib(rt_cmsis.o)
    0x08003dc0   0x08003dc0   0x00000078   Code   RO         4287    i.svcKernelInitialize  RTX_CM0.lib(rt_cmsis.o)
    0x08003e38   0x08003e38   0x0000004c   Code   RO         4289    i.svcKernelStart    RTX_CM0.lib(rt_cmsis.o)
    0x08003e84   0x08003e84   0x0000002a   Code   RO         4292    i.svcMessageCreate  RTX_CM0.lib(rt_cmsis.o)
    0x08003eae   0x08003eae   0x0000002e   Code   RO         4299    i.svcPoolCreate     RTX_CM0.lib(rt_cmsis.o)
    0x08003edc   0x08003edc   0x00000074   Code   RO         4307    i.svcThreadCreate   RTX_CM0.lib(rt_cmsis.o)
    0x08003f50   0x08003f50   0x0000001c   Code   RO         4308    i.svcThreadGetId    RTX_CM0.lib(rt_cmsis.o)
    0x08003f6c   0x08003f6c   0x0000003c   Code   RO         4311    i.svcThreadTerminate  RTX_CM0.lib(rt_cmsis.o)
    0x08003fa8   0x08003fa8   0x0000000c   Code   RO         4320    i.sysPoolAlloc      RTX_CM0.lib(rt_cmsis.o)
    0x08003fb4   0x08003fb4   0x00000016   Code   RO         4321    i.sysPoolFree       RTX_CM0.lib(rt_cmsis.o)
    0x08003fca   0x08003fca   0x00000002   PAD
    0x08003fcc   0x08003fcc   0x00000058   Code   RO         4322    i.sysTimerTick      RTX_CM0.lib(rt_cmsis.o)
    0x08004024   0x08004024   0x000000ec   Code   RO          169    i.sys_global_var_init  global_var.o
    0x08004110   0x08004110   0x0000001c   Code   RO          706    i.sys_set_remap_status  sys_status.o
    0x0800412c   0x0800412c   0x0000001c   Code   RO          896    i.u16GetT2Val       phasecutting.o
    0x08004148   0x08004148   0x00000078   Code   RO         1276    i.uart1_gpio_init   uart.o
    0x080041c0   0x080041c0   0x0000006c   Code   RO         1277    i.uart1_init        uart.o
    0x0800422c   0x0800422c   0x00000030   Code   RO         1873    i.usMBCRC16         mbcrc.o
    0x0800425c   0x0800425c   0x000000e8   Code   RO          897    i.vCalPhaseCuttingTime  phasecutting.o
    0x08004344   0x08004344   0x00000050   Code   RO          898    i.vEnablePhaseAngleTiming  phasecutting.o
    0x08004394   0x08004394   0x00000070   Code   RO          734    i.vGetAcCyc         acfrequency.o
    0x08004404   0x08004404   0x0000005c   Code   RO         2090    i.vMBPortSerialEnable  portserial.o
    0x08004460   0x08004460   0x0000002c   Code   RO         2138    i.vMBPortTimersDisable  porttimer.o
    0x0800448c   0x0800448c   0x0000002c   Code   RO         2139    i.vMBPortTimersEnable  porttimer.o
    0x080044b8   0x080044b8   0x00000028   Code   RO          899    i.vSCRTrigOffCntrl  phasecutting.o
    0x080044e0   0x080044e0   0x0000002c   Code   RO          900    i.vSCRTrigOnCntrl   phasecutting.o
    0x0800450c   0x0800450c   0x00000020   Code   RO          735    i.vUpdateAcCyc      acfrequency.o
    0x0800452c   0x0800452c   0x00000014   Code   RO          901    i.vUpdateExtISRFltTm  phasecutting.o
    0x08004540   0x08004540   0x0000001c   Code   RO         2055    i.xMBPortEventGet   portevent.o
    0x0800455c   0x0800455c   0x00000010   Code   RO         2056    i.xMBPortEventInit  portevent.o
    0x0800456c   0x0800456c   0x00000010   Code   RO         2057    i.xMBPortEventPost  portevent.o
    0x0800457c   0x0800457c   0x00000014   Code   RO         2091    i.xMBPortSerialGetByte  portserial.o
    0x08004590   0x08004590   0x0000000c   Code   RO         2092    i.xMBPortSerialInit  portserial.o
    0x0800459c   0x0800459c   0x00000014   Code   RO         2093    i.xMBPortSerialPutByte  portserial.o
    0x080045b0   0x080045b0   0x0000007c   Code   RO         2140    i.xMBPortTimersInit  porttimer.o
    0x0800462c   0x0800462c   0x0000006c   Code   RO         1903    i.xMBRTUReceiveFSM  mbrtu.o
    0x08004698   0x08004698   0x00000044   Code   RO         1904    i.xMBRTUTimerT35Expired  mbrtu.o
    0x080046dc   0x080046dc   0x00000060   Code   RO         1905    i.xMBRTUTransmitFSM  mbrtu.o
    0x0800473c   0x0800473c   0x00000030   Data   RO            4    .constdata          main.o
    0x0800476c   0x0800476c   0x00000b18   Data   RO          171    .constdata          global_var.o
    0x08005284   0x08005284   0x0000017e   Data   RO          431    .constdata          daq.o
    0x08005402   0x08005402   0x00000028   Data   RO          562    .constdata          alarm_calc.o
    0x0800542a   0x0800542a   0x00000002   PAD
    0x0800542c   0x0800542c   0x0000000c   Data   RO          651    .constdata          event_record.o
    0x08005438   0x08005438   0x0000011a   Data   RO          796    .constdata          fanctrl.o
    0x08005552   0x08005552   0x00000002   PAD
    0x08005554   0x08005554   0x00000038   Data   RO         1432    .constdata          dio.o
    0x0800558c   0x0800558c   0x00000200   Data   RO         1874    .constdata          mbcrc.o
    0x0800578c   0x0800578c   0x00000002   Data   RO         4131    .constdata          rtx_conf_cm.o
    0x0800578e   0x0800578e   0x00000002   PAD
    0x08005790   0x08005790   0x00000004   Data   RO         4132    .constdata          rtx_conf_cm.o
    0x08005794   0x08005794   0x00000004   Data   RO         4133    .constdata          rtx_conf_cm.o
    0x08005798   0x08005798   0x00000004   Data   RO         4137    .constdata          rtx_conf_cm.o
    0x0800579c   0x0800579c   0x00000001   Data   RO         4138    .constdata          rtx_conf_cm.o
    0x0800579d   0x0800579d   0x00000003   PAD
    0x080057a0   0x080057a0   0x00000010   Data   RO         4139    .constdata          rtx_conf_cm.o
    0x080057b0   0x080057b0   0x00000002   Data   RO         4140    .constdata          rtx_conf_cm.o
    0x080057b2   0x080057b2   0x00000002   PAD
    0x080057b4   0x080057b4   0x00000004   Data   RO         4141    .constdata          rtx_conf_cm.o
    0x080057b8   0x080057b8   0x00000004   Data   RO         4142    .constdata          rtx_conf_cm.o
    0x080057bc   0x080057bc   0x00000001   Data   RO         4143    .constdata          rtx_conf_cm.o
    0x080057bd   0x080057bd   0x00000003   PAD
    0x080057c0   0x080057c0   0x00000008   Data   RO         4144    .constdata          rtx_conf_cm.o
    0x080057c8   0x080057c8   0x00000002   Data   RO         4145    .constdata          rtx_conf_cm.o
    0x080057ca   0x080057ca   0x00000002   PAD
    0x080057cc   0x080057cc   0x00000020   Data   RO         5493    Region$$Table       anon$$obj.o


    Execution Region ER_RW (Exec base: 0x20000000, Load base: 0x080057ec, Size: 0x000001c4, Max: 0xffffffff, ABSOLUTE, COMPRESSED[0x0000005c])

    Exec Addr    Load Addr    Size         Type   Attr      Idx    E Section Name        Object

    0x20000000   COMPRESSED   0x0000000c   Data   RW            5    .data               main.o
    0x2000000c   COMPRESSED   0x00000002   Data   RW          262    .data               core_proc.o
    0x2000000e   COMPRESSED   0x00000006   Data   RW          323    .data               com_proc.o
    0x20000014   COMPRESSED   0x00000002   Data   RW          377    .data               bkg_proc.o
    0x20000016   COMPRESSED   0x00000008   Data   RW          433    .data               daq.o
    0x2000001e   COMPRESSED   0x00000002   PAD
    0x20000020   COMPRESSED   0x00000020   Data   RW          563    .data               alarm_calc.o
    0x20000040   COMPRESSED   0x00000004   Data   RW          652    .data               event_record.o
    0x20000044   COMPRESSED   0x00000014   Data   RW          737    .data               acfrequency.o
    0x20000058   COMPRESSED   0x00000001   Data   RW          738    .data               acfrequency.o
    0x20000059   COMPRESSED   0x00000001   PAD
    0x2000005a   COMPRESSED   0x00000012   Data   RW          798    .data               fanctrl.o
    0x2000006c   COMPRESSED   0x0000001c   Data   RW          902    .data               phasecutting.o
    0x20000088   COMPRESSED   0x00000014   Data   RW         1055    .data               sample.o
    0x2000009c   COMPRESSED   0x00000004   Data   RW         1110    .data               lib.o
    0x200000a0   COMPRESSED   0x00000004   Data   RW         1170    .data               adc.o
    0x200000a4   COMPRESSED   0x000000ac   Data   RW         1797    .data               mb.o
    0x20000150   COMPRESSED   0x0000000c   Data   RW         1907    .data               mbrtu.o
    0x2000015c   COMPRESSED   0x00000002   Data   RW         2058    .data               portevent.o
    0x2000015e   COMPRESSED   0x00000010   Data   RW         2766    .data               stm32f0xx_rcc.o
    0x2000016e   COMPRESSED   0x00000002   PAD
    0x20000170   COMPRESSED   0x00000004   Data   RW         4147    .data               rtx_conf_cm.o
    0x20000174   COMPRESSED   0x00000010   Data   RW         4148    .data               rtx_conf_cm.o
    0x20000184   COMPRESSED   0x00000004   Data   RW         4149    .data               rtx_conf_cm.o
    0x20000188   COMPRESSED   0x00000004   Data   RW         4150    .data               rtx_conf_cm.o
    0x2000018c   COMPRESSED   0x00000014   Data   RW         4197    .data               system_stm32f0xx.o
    0x200001a0   COMPRESSED   0x00000008   Data   RW         4325    .data               RTX_CM0.lib(rt_cmsis.o)
    0x200001a8   COMPRESSED   0x00000008   Data   RW         4861    .data               RTX_CM0.lib(rt_task.o)
    0x200001b0   COMPRESSED   0x00000008   Data   RW         4946    .data               RTX_CM0.lib(rt_system.o)
    0x200001b8   COMPRESSED   0x00000004   Data   RW         5240    .data               RTX_CM0.lib(rt_time.o)
    0x200001bc   COMPRESSED   0x00000008   Data   RW         5379    .data               RTX_CM0.lib(rt_robin.o)


    Execution Region ER_ZI (Exec base: 0x200001c4, Load base: 0x08005848, Size: 0x000014ec, Max: 0xffffffff, ABSOLUTE)

    Exec Addr    Load Addr    Size         Type   Attr      Idx    E Section Name        Object

    0x200001c4        -       0x000002a8   Zero   RW          170    .bss                global_var.o
    0x2000046c        -       0x00000014   Zero   RW          430    .bss                daq.o
    0x20000480        -       0x00000050   Zero   RW          561    .bss                alarm_calc.o
    0x200004d0        -       0x0000000c   Zero   RW          649    .bss                event_record.o
    0x200004dc        -       0x0000003c   Zero   RW          650    .bss                event_record.o
    0x20000518        -       0x00000028   Zero   RW          736    .bss                acfrequency.o
    0x20000540        -       0x00000028   Zero   RW         1168    .bss                adc.o
    0x20000568        -       0x00000028   Zero   RW         1169    .bss                adc.o
    0x20000590        -       0x00000100   Zero   RW         1906    .bss                mbrtu.o
    0x20000690        -       0x00000010   Zero   RW         4124    .bss                rtx_conf_cm.o
    0x200006a0        -       0x00000010   Zero   RW         4125    .bss                rtx_conf_cm.o
    0x200006b0        -       0x000000dc   Zero   RW         4126    .bss                rtx_conf_cm.o
    0x2000078c   0x08005848   0x00000004   PAD
    0x20000790        -       0x00000810   Zero   RW         4127    .bss                rtx_conf_cm.o
    0x20000fa0        -       0x00000218   Zero   RW         4128    .bss                rtx_conf_cm.o
    0x200011b8        -       0x00000084   Zero   RW         4129    .bss                rtx_conf_cm.o
    0x2000123c        -       0x00000010   Zero   RW         4130    .bss                rtx_conf_cm.o
    0x2000124c        -       0x00000034   Zero   RW         4860    .bss                RTX_CM0.lib(rt_task.o)
    0x20001280        -       0x00000030   Zero   RW         5080    .bss                RTX_CM0.lib(rt_list.o)
    0x200012b0        -       0x00000400   Zero   RW         4185    STACK               startup_stm32f051.o


==============================================================================

Image component sizes


      Code (inc. data)   RO Data    RW Data    ZI Data      Debug   Object Name

       400         46          0         21         40       4360   acfrequency.o
       248         12          0          4         80       1656   adc.o
       824        100         40         32         80      10297   alarm_calc.o
       168         18          0          2          0       1853   bkg_proc.o
       204          0          0          0          0       3521   calc.o
       200         18          0          6          0       5245   com_proc.o
        32          4          0          2          0       9256   core_proc.o
       548         64        382          8         20       5482   daq.o
       228         22         56          0          0       3288   dio.o
       414         54         12          4         72       4592   event_record.o
      1044        114        282         18          0      15801   fanctrl.o
      1450         56       2840          0        680      11797   global_var.o
       996         56          0          0          0      10678   i2c_bsp.o
       228         20          0          0          0       2275   led.o
       160         34          0          4          0       2011   lib.o
        76         10         48         12          0     238893   main.o
       352         42          0        172          0       6148   mb.o
       374         44          0          0          0       6101   mb_cb.o
        48          6        512          0          0       1512   mbcrc.o
       376          0          0          0          0       5939   mbfuncholding.o
       544         48          0         12        256       7848   mbrtu.o
        24          0          0          0          0        704   mbutils.o
      1450        134          0         28          0      14969   phasecutting.o
        60         14          0          2          0       2608   portevent.o
       240         48          0          0          0       4112   portserial.o
       260         28          0          0          0       3147   porttimer.o
        30          6         52         28       3000       8263   rtx_conf_cm.o
         0          0          0         20          0       3911   sample.o
        88         38        192          0       1024        720   startup_stm32f051.o
       244         10          0          0          0       7192   stm32f0xx_adc.o
       224         26          0          0          0       3974   stm32f0xx_dma.o
       148         16          0          0          0       2352   stm32f0xx_exti.o
       192          0          0          0          0       4988   stm32f0xx_gpio.o
         4          0          0          0          0        974   stm32f0xx_it.o
        68         34          0          0          0       2638   stm32f0xx_iwdg.o
        80         10          0          0          0       1016   stm32f0xx_misc.o
       328         48          0         16          0       4343   stm32f0xx_rcc.o
        40          6          0          0          0        680   stm32f0xx_syscfg.o
       192         28          0          0          0       5802   stm32f0xx_tim.o
       334         10          0          0          0       6463   stm32f0xx_usart.o
        28          6          0          0          0        587   sys_status.o
       192         20          0         20          0       2045   system_stm32f0xx.o
       228         16          0          0          0       9793   uart.o

    ----------------------------------------------------------------------
     13390       1266       4464        416       5256     449834   Object Totals
         0          0         32          0          0          0   (incl. Generated)
        22          0         16          5          4          0   (incl. Padding)

    ----------------------------------------------------------------------

      Code (inc. data)   RO Data    RW Data    ZI Data      Debug   Library Member Name

       134         14          0          0          0       1687   hal_cm.o
       356         40          0          0          0        840   hal_cm0.o
      1194        146          0          8          0      31545   rt_cmsis.o
        80          6          0          0          0        629   rt_event.o
       524         34          0          0         48       8081   rt_list.o
       264         10          0          0          0       2321   rt_mailbox.o
       140          0          0          0          0       1957   rt_membox.o
       142          0          0          0          0       2315   rt_memory.o
        92         22          0          8          0       1126   rt_robin.o
        52          4          0          0          0        553   rt_semaphore.o
       250         44          0          8          0       5596   rt_system.o
      1116        178          0          8         52       9253   rt_task.o
        10          0          0          4          0        672   rt_time.o
         4          4          0          0          0        208   svc_table.o
        86          0          0          0          0          0   __dczerorl2.o
         0          0          0          0          0          0   entry.o
         0          0          0          0          0          0   entry10a.o
         0          0          0          0          0          0   entry11a.o
         8          4          0          0          0          0   entry2.o
         4          0          0          0          0          0   entry5.o
         0          0          0          0          0          0   entry7b.o
         0          0          0          0          0          0   entry8b.o
        30          0          0          0          0          0   handlers.o
        40          0          0          0          0         72   idiv.o
        36          8          0          0          0         68   init.o
        44          0          0          0          0         72   uidiv.o
        20          0          0          0          0         60   uread4.o
        18          0          0          0          0         60   uwrite4.o

    ----------------------------------------------------------------------
      4654        514          0         36        100      67115   Library Totals
        10          0          0          0          0          0   (incl. Padding)

    ----------------------------------------------------------------------

      Code (inc. data)   RO Data    RW Data    ZI Data      Debug   Library Name

      4358        502          0         36        100      66783   RTX_CM0.lib
       286         12          0          0          0        332   mc_p.l

    ----------------------------------------------------------------------
      4654        514          0         36        100      67115   Library Totals

    ----------------------------------------------------------------------

==============================================================================


      Code (inc. data)   RO Data    RW Data    ZI Data      Debug   

     18044       1780       4464        452       5356     505461   Grand Totals
     18044       1780       4464         92       5356     505461   ELF Image Totals (compressed)
     18044       1780       4464         92          0          0   ROM Totals

==============================================================================

    Total RO  Size (Code + RO Data)                22508 (  21.98kB)
    Total RW  Size (RW Data + ZI Data)              5808 (   5.67kB)
    Total ROM Size (Code + RO Data + RW Data)      22600 (  22.07kB)

==============================================================================

